
> client@0.1.0 test
> react-scripts test --watchAll=false

node.exe : PASS src/components/Map.test.js
At line:1 char:1
+ & "C:\Program Files\nodejs/node.exe" "C:\Program Files\nodejs/node_mo ...
+ ~~~~~~~~~~~~~~~~~~~~~~~~~~~~~~~~~~~~~~~~~~~~~~~~~~~~~~~~~~~~~~~~~~~~~
    + CategoryInfo          : NotSpecified: (PASS src/components/Map.test.js:String) [], RemoteException
    + FullyQualifiedErrorId : NativeCommandError
 
FAIL src/components/Search.test.js
  ΓùÅ CR Search filters ΓÇ║ populates Building dropdown from real DB data

    TypeError: Cannot read properties of undefined (reading 'watchPosition')

    [0m [90m 47 |[39m
     [90m 48 |[39m     [90m// location tracking[39m
    [31m[1m>[22m[39m[90m 49 |[39m     [36mconst[39m watchId [33m=[39m 
navigator[33m.[39mgeolocation[33m.[39mwatchPosition(
     [90m    |[39m                                           [31m[1m^[22m[39m
     [90m 50 |[39m       (pos) [33m=>[39m {
     [90m 51 |[39m         [36mconst[39m coords [33m=[39m [pos[33m.[39mcoords[33m.[39mlatitude[33m,[39m 
pos[33m.[39mcoords[33m.[39mlongitude][33m;[39m
     [90m 52 |[39m         [36mif[39m ([33mDate[39m[33m.[39mnow() [33m-[39m lastUpdateRef[33m.[39mcurrent 
[33m>[39m [35m2000[39m) {[0m

      at src/components/Search.js:49:43
      at Object.react_stack_bottom_frame (node_modules/react-dom/cjs/react-dom-client.development.js:25989:20)
      at runWithFiberInDEV (node_modules/react-dom/cjs/react-dom-client.development.js:874:13)
      at commitHookEffectListMount (node_modules/react-dom/cjs/react-dom-client.development.js:13249:29)
      at commitHookPassiveMountEffects (node_modules/react-dom/cjs/react-dom-client.development.js:13336:11)
      at commitPassiveMountOnFiber (node_modules/react-dom/cjs/react-dom-client.development.js:15484:13)
      at recursivelyTraversePassiveMountEffects (node_modules/react-dom/cjs/react-dom-client.development.js:15439:11)
      at commitPassiveMountOnFiber (node_modules/react-dom/cjs/react-dom-client.development.js:15718:11)
      at recursivelyTraversePassiveMountEffects (node_modules/react-dom/cjs/react-dom-client.development.js:15439:11)
      at commitPassiveMountOnFiber (node_modules/react-dom/cjs/react-dom-client.development.js:15718:11)
      at recursivelyTraversePassiveMountEffects (node_modules/react-dom/cjs/react-dom-client.development.js:15439:11)
      at commitPassiveMountOnFiber (node_modules/react-dom/cjs/react-dom-client.development.js:15476:11)
      at recursivelyTraversePassiveMountEffects (node_modules/react-dom/cjs/react-dom-client.development.js:15439:11)
      at commitPassiveMountOnFiber (node_modules/react-dom/cjs/react-dom-client.development.js:15476:11)
      at recursivelyTraversePassiveMountEffects (node_modules/react-dom/cjs/react-dom-client.development.js:15439:11)
      at commitPassiveMountOnFiber (node_modules/react-dom/cjs/react-dom-client.development.js:15519:11)
      at flushPassiveEffects (node_modules/react-dom/cjs/react-dom-client.development.js:18432:9)
      at node_modules/react-dom/cjs/react-dom-client.development.js:17923:15
      at flushActQueue (node_modules/react/cjs/react.development.js:590:34)
      at node_modules/react/cjs/react.development.js:847:21

  ΓùÅ CR Search filters ΓÇ║ populates tags from real DB data

    TypeError: Cannot read properties of undefined (reading 'watchPosition')

    [0m [90m 47 |[39m
     [90m 48 |[39m     [90m// location tracking[39m
    [31m[1m>[22m[39m[90m 49 |[39m     [36mconst[39m watchId [33m=[39m 
navigator[33m.[39mgeolocation[33m.[39mwatchPosition(
     [90m    |[39m                                           [31m[1m^[22m[39m
     [90m 50 |[39m       (pos) [33m=>[39m {
     [90m 51 |[39m         [36mconst[39m coords [33m=[39m [pos[33m.[39mcoords[33m.[39mlatitude[33m,[39m 
pos[33m.[39mcoords[33m.[39mlongitude][33m;[39m
     [90m 52 |[39m         [36mif[39m ([33mDate[39m[33m.[39mnow() [33m-[39m lastUpdateRef[33m.[39mcurrent 
[33m>[39m [35m2000[39m) {[0m

      at src/components/Search.js:49:43
      at Object.react_stack_bottom_frame (node_modules/react-dom/cjs/react-dom-client.development.js:25989:20)
      at runWithFiberInDEV (node_modules/react-dom/cjs/react-dom-client.development.js:874:13)
      at commitHookEffectListMount (node_modules/react-dom/cjs/react-dom-client.development.js:13249:29)
      at commitHookPassiveMountEffects (node_modules/react-dom/cjs/react-dom-client.development.js:13336:11)
      at commitPassiveMountOnFiber (node_modules/react-dom/cjs/react-dom-client.development.js:15484:13)
      at recursivelyTraversePassiveMountEffects (node_modules/react-dom/cjs/react-dom-client.development.js:15439:11)
      at commitPassiveMountOnFiber (node_modules/react-dom/cjs/react-dom-client.development.js:15718:11)
      at recursivelyTraversePassiveMountEffects (node_modules/react-dom/cjs/react-dom-client.development.js:15439:11)
      at commitPassiveMountOnFiber (node_modules/react-dom/cjs/react-dom-client.development.js:15718:11)
      at recursivelyTraversePassiveMountEffects (node_modules/react-dom/cjs/react-dom-client.development.js:15439:11)
      at commitPassiveMountOnFiber (node_modules/react-dom/cjs/react-dom-client.development.js:15476:11)
      at recursivelyTraversePassiveMountEffects (node_modules/react-dom/cjs/react-dom-client.development.js:15439:11)
      at commitPassiveMountOnFiber (node_modules/react-dom/cjs/react-dom-client.development.js:15476:11)
      at recursivelyTraversePassiveMountEffects (node_modules/react-dom/cjs/react-dom-client.development.js:15439:11)
      at commitPassiveMountOnFiber (node_modules/react-dom/cjs/react-dom-client.development.js:15519:11)
      at flushPassiveEffects (node_modules/react-dom/cjs/react-dom-client.development.js:18432:9)
      at node_modules/react-dom/cjs/react-dom-client.development.js:17923:15
      at flushActQueue (node_modules/react/cjs/react.development.js:590:34)
      at node_modules/react/cjs/react.development.js:847:21

  ΓùÅ CR Search filters ΓÇ║ returns all CRs when all filters are at their defaults

    TypeError: Cannot read properties of undefined (reading 'watchPosition')

    [0m [90m 47 |[39m
     [90m 48 |[39m     [90m// location tracking[39m
    [31m[1m>[22m[39m[90m 49 |[39m     [36mconst[39m watchId [33m=[39m 
navigator[33m.[39mgeolocation[33m.[39mwatchPosition(
     [90m    |[39m                                           [31m[1m^[22m[39m
     [90m 50 |[39m       (pos) [33m=>[39m {
     [90m 51 |[39m         [36mconst[39m coords [33m=[39m [pos[33m.[39mcoords[33m.[39mlatitude[33m,[39m 
pos[33m.[39mcoords[33m.[39mlongitude][33m;[39m
     [90m 52 |[39m         [36mif[39m ([33mDate[39m[33m.[39mnow() [33m-[39m lastUpdateRef[33m.[39mcurrent 
[33m>[39m [35m2000[39m) {[0m

      at src/components/Search.js:49:43
      at Object.react_stack_bottom_frame (node_modules/react-dom/cjs/react-dom-client.development.js:25989:20)
      at runWithFiberInDEV (node_modules/react-dom/cjs/react-dom-client.development.js:874:13)
      at commitHookEffectListMount (node_modules/react-dom/cjs/react-dom-client.development.js:13249:29)
      at commitHookPassiveMountEffects (node_modules/react-dom/cjs/react-dom-client.development.js:13336:11)
      at commitPassiveMountOnFiber (node_modules/react-dom/cjs/react-dom-client.development.js:15484:13)
      at recursivelyTraversePassiveMountEffects (node_modules/react-dom/cjs/react-dom-client.development.js:15439:11)
      at commitPassiveMountOnFiber (node_modules/react-dom/cjs/react-dom-client.development.js:15718:11)
      at recursivelyTraversePassiveMountEffects (node_modules/react-dom/cjs/react-dom-client.development.js:15439:11)
      at commitPassiveMountOnFiber (node_modules/react-dom/cjs/react-dom-client.development.js:15718:11)
      at recursivelyTraversePassiveMountEffects (node_modules/react-dom/cjs/react-dom-client.development.js:15439:11)
      at commitPassiveMountOnFiber (node_modules/react-dom/cjs/react-dom-client.development.js:15476:11)
      at recursivelyTraversePassiveMountEffects (node_modules/react-dom/cjs/react-dom-client.development.js:15439:11)
      at commitPassiveMountOnFiber (node_modules/react-dom/cjs/react-dom-client.development.js:15476:11)
      at recursivelyTraversePassiveMountEffects (node_modules/react-dom/cjs/react-dom-client.development.js:15439:11)
      at commitPassiveMountOnFiber (node_modules/react-dom/cjs/react-dom-client.development.js:15519:11)
      at flushPassiveEffects (node_modules/react-dom/cjs/react-dom-client.development.js:18432:9)
      at node_modules/react-dom/cjs/react-dom-client.development.js:17923:15
      at flushActQueue (node_modules/react/cjs/react.development.js:590:34)
      at node_modules/react/cjs/react.development.js:847:21

  ΓùÅ CR Search filters ΓÇ║ shows all CRs on load without clicking Search

    TypeError: Cannot read properties of undefined (reading 'watchPosition')

    [0m [90m 47 |[39m
     [90m 48 |[39m     [90m// location tracking[39m
    [31m[1m>[22m[39m[90m 49 |[39m     [36mconst[39m watchId [33m=[39m 
navigator[33m.[39mgeolocation[33m.[39mwatchPosition(
     [90m    |[39m                                           [31m[1m^[22m[39m
     [90m 50 |[39m       (pos) [33m=>[39m {
     [90m 51 |[39m         [36mconst[39m coords [33m=[39m [pos[33m.[39mcoords[33m.[39mlatitude[33m,[39m 
pos[33m.[39mcoords[33m.[39mlongitude][33m;[39m
     [90m 52 |[39m         [36mif[39m ([33mDate[39m[33m.[39mnow() [33m-[39m lastUpdateRef[33m.[39mcurrent 
[33m>[39m [35m2000[39m) {[0m

      at src/components/Search.js:49:43
      at Object.react_stack_bottom_frame (node_modules/react-dom/cjs/react-dom-client.development.js:25989:20)
      at runWithFiberInDEV (node_modules/react-dom/cjs/react-dom-client.development.js:874:13)
      at commitHookEffectListMount (node_modules/react-dom/cjs/react-dom-client.development.js:13249:29)
      at commitHookPassiveMountEffects (node_modules/react-dom/cjs/react-dom-client.development.js:13336:11)
      at commitPassiveMountOnFiber (node_modules/react-dom/cjs/react-dom-client.development.js:15484:13)
      at recursivelyTraversePassiveMountEffects (node_modules/react-dom/cjs/react-dom-client.development.js:15439:11)
      at commitPassiveMountOnFiber (node_modules/react-dom/cjs/react-dom-client.development.js:15718:11)
      at recursivelyTraversePassiveMountEffects (node_modules/react-dom/cjs/react-dom-client.development.js:15439:11)
      at commitPassiveMountOnFiber (node_modules/react-dom/cjs/react-dom-client.development.js:15718:11)
      at recursivelyTraversePassiveMountEffects (node_modules/react-dom/cjs/react-dom-client.development.js:15439:11)
      at commitPassiveMountOnFiber (node_modules/react-dom/cjs/react-dom-client.development.js:15476:11)
      at recursivelyTraversePassiveMountEffects (node_modules/react-dom/cjs/react-dom-client.development.js:15439:11)
      at commitPassiveMountOnFiber (node_modules/react-dom/cjs/react-dom-client.development.js:15476:11)
      at recursivelyTraversePassiveMountEffects (node_modules/react-dom/cjs/react-dom-client.development.js:15439:11)
      at commitPassiveMountOnFiber (node_modules/react-dom/cjs/react-dom-client.development.js:15519:11)
      at flushPassiveEffects (node_modules/react-dom/cjs/react-dom-client.development.js:18432:9)
      at node_modules/react-dom/cjs/react-dom-client.development.js:17923:15
      at flushActQueue (node_modules/react/cjs/react.development.js:590:34)
      at node_modules/react/cjs/react.development.js:847:21

  ΓùÅ CR Search filters ΓÇ║ filters by building

    TypeError: Cannot read properties of undefined (reading 'watchPosition')

    [0m [90m 47 |[39m
     [90m 48 |[39m     [90m// location tracking[39m
    [31m[1m>[22m[39m[90m 49 |[39m     [36mconst[39m watchId [33m=[39m 
navigator[33m.[39mgeolocation[33m.[39mwatchPosition(
     [90m    |[39m                                           [31m[1m^[22m[39m
     [90m 50 |[39m       (pos) [33m=>[39m {
     [90m 51 |[39m         [36mconst[39m coords [33m=[39m [pos[33m.[39mcoords[33m.[39mlatitude[33m,[39m 
pos[33m.[39mcoords[33m.[39mlongitude][33m;[39m
     [90m 52 |[39m         [36mif[39m ([33mDate[39m[33m.[39mnow() [33m-[39m lastUpdateRef[33m.[39mcurrent 
[33m>[39m [35m2000[39m) {[0m

      at src/components/Search.js:49:43
      at Object.react_stack_bottom_frame (node_modules/react-dom/cjs/react-dom-client.development.js:25989:20)
      at runWithFiberInDEV (node_modules/react-dom/cjs/react-dom-client.development.js:874:13)
      at commitHookEffectListMount (node_modules/react-dom/cjs/react-dom-client.development.js:13249:29)
      at commitHookPassiveMountEffects (node_modules/react-dom/cjs/react-dom-client.development.js:13336:11)
      at commitPassiveMountOnFiber (node_modules/react-dom/cjs/react-dom-client.development.js:15484:13)
      at recursivelyTraversePassiveMountEffects (node_modules/react-dom/cjs/react-dom-client.development.js:15439:11)
      at commitPassiveMountOnFiber (node_modules/react-dom/cjs/react-dom-client.development.js:15718:11)
      at recursivelyTraversePassiveMountEffects (node_modules/react-dom/cjs/react-dom-client.development.js:15439:11)
      at commitPassiveMountOnFiber (node_modules/react-dom/cjs/react-dom-client.development.js:15718:11)
      at recursivelyTraversePassiveMountEffects (node_modules/react-dom/cjs/react-dom-client.development.js:15439:11)
      at commitPassiveMountOnFiber (node_modules/react-dom/cjs/react-dom-client.development.js:15476:11)
      at recursivelyTraversePassiveMountEffects (node_modules/react-dom/cjs/react-dom-client.development.js:15439:11)
      at commitPassiveMountOnFiber (node_modules/react-dom/cjs/react-dom-client.development.js:15476:11)
      at recursivelyTraversePassiveMountEffects (node_modules/react-dom/cjs/react-dom-client.development.js:15439:11)
      at commitPassiveMountOnFiber (node_modules/react-dom/cjs/react-dom-client.development.js:15519:11)
      at flushPassiveEffects (node_modules/react-dom/cjs/react-dom-client.development.js:18432:9)
      at node_modules/react-dom/cjs/react-dom-client.development.js:17923:15
      at flushActQueue (node_modules/react/cjs/react.development.js:590:34)
      at node_modules/react/cjs/react.development.js:847:21

  ΓùÅ CR Search filters ΓÇ║ filters by floor

    TypeError: Cannot read properties of undefined (reading 'watchPosition')

    [0m [90m 47 |[39m
     [90m 48 |[39m     [90m// location tracking[39m
    [31m[1m>[22m[39m[90m 49 |[39m     [36mconst[39m watchId [33m=[39m 
navigator[33m.[39mgeolocation[33m.[39mwatchPosition(
     [90m    |[39m                                           [31m[1m^[22m[39m
     [90m 50 |[39m       (pos) [33m=>[39m {
     [90m 51 |[39m         [36mconst[39m coords [33m=[39m [pos[33m.[39mcoords[33m.[39mlatitude[33m,[39m 
pos[33m.[39mcoords[33m.[39mlongitude][33m;[39m
     [90m 52 |[39m         [36mif[39m ([33mDate[39m[33m.[39mnow() [33m-[39m lastUpdateRef[33m.[39mcurrent 
[33m>[39m [35m2000[39m) {[0m

      at src/components/Search.js:49:43
      at Object.react_stack_bottom_frame (node_modules/react-dom/cjs/react-dom-client.development.js:25989:20)
      at runWithFiberInDEV (node_modules/react-dom/cjs/react-dom-client.development.js:874:13)
      at commitHookEffectListMount (node_modules/react-dom/cjs/react-dom-client.development.js:13249:29)
      at commitHookPassiveMountEffects (node_modules/react-dom/cjs/react-dom-client.development.js:13336:11)
      at commitPassiveMountOnFiber (node_modules/react-dom/cjs/react-dom-client.development.js:15484:13)
      at recursivelyTraversePassiveMountEffects (node_modules/react-dom/cjs/react-dom-client.development.js:15439:11)
      at commitPassiveMountOnFiber (node_modules/react-dom/cjs/react-dom-client.development.js:15718:11)
      at recursivelyTraversePassiveMountEffects (node_modules/react-dom/cjs/react-dom-client.development.js:15439:11)
      at commitPassiveMountOnFiber (node_modules/react-dom/cjs/react-dom-client.development.js:15718:11)
      at recursivelyTraversePassiveMountEffects (node_modules/react-dom/cjs/react-dom-client.development.js:15439:11)
      at commitPassiveMountOnFiber (node_modules/react-dom/cjs/react-dom-client.development.js:15476:11)
      at recursivelyTraversePassiveMountEffects (node_modules/react-dom/cjs/react-dom-client.development.js:15439:11)
      at commitPassiveMountOnFiber (node_modules/react-dom/cjs/react-dom-client.development.js:15476:11)
      at recursivelyTraversePassiveMountEffects (node_modules/react-dom/cjs/react-dom-client.development.js:15439:11)
      at commitPassiveMountOnFiber (node_modules/react-dom/cjs/react-dom-client.development.js:15519:11)
      at flushPassiveEffects (node_modules/react-dom/cjs/react-dom-client.development.js:18432:9)
      at node_modules/react-dom/cjs/react-dom-client.development.js:17923:15
      at flushActQueue (node_modules/react/cjs/react.development.js:590:34)
      at node_modules/react/cjs/react.development.js:847:21

  ΓùÅ CR Search filters ΓÇ║ filters by status

    TypeError: Cannot read properties of undefined (reading 'watchPosition')

    [0m [90m 47 |[39m
     [90m 48 |[39m     [90m// location tracking[39m
    [31m[1m>[22m[39m[90m 49 |[39m     [36mconst[39m watchId [33m=[39m 
navigator[33m.[39mgeolocation[33m.[39mwatchPosition(
     [90m    |[39m                                           [31m[1m^[22m[39m
     [90m 50 |[39m       (pos) [33m=>[39m {
     [90m 51 |[39m         [36mconst[39m coords [33m=[39m [pos[33m.[39mcoords[33m.[39mlatitude[33m,[39m 
pos[33m.[39mcoords[33m.[39mlongitude][33m;[39m
     [90m 52 |[39m         [36mif[39m ([33mDate[39m[33m.[39mnow() [33m-[39m lastUpdateRef[33m.[39mcurrent 
[33m>[39m [35m2000[39m) {[0m

      at src/components/Search.js:49:43
      at Object.react_stack_bottom_frame (node_modules/react-dom/cjs/react-dom-client.development.js:25989:20)
      at runWithFiberInDEV (node_modules/react-dom/cjs/react-dom-client.development.js:874:13)
      at commitHookEffectListMount (node_modules/react-dom/cjs/react-dom-client.development.js:13249:29)
      at commitHookPassiveMountEffects (node_modules/react-dom/cjs/react-dom-client.development.js:13336:11)
      at commitPassiveMountOnFiber (node_modules/react-dom/cjs/react-dom-client.development.js:15484:13)
      at recursivelyTraversePassiveMountEffects (node_modules/react-dom/cjs/react-dom-client.development.js:15439:11)
      at commitPassiveMountOnFiber (node_modules/react-dom/cjs/react-dom-client.development.js:15718:11)
      at recursivelyTraversePassiveMountEffects (node_modules/react-dom/cjs/react-dom-client.development.js:15439:11)
      at commitPassiveMountOnFiber (node_modules/react-dom/cjs/react-dom-client.development.js:15718:11)
      at recursivelyTraversePassiveMountEffects (node_modules/react-dom/cjs/react-dom-client.development.js:15439:11)
      at commitPassiveMountOnFiber (node_modules/react-dom/cjs/react-dom-client.development.js:15476:11)
      at recursivelyTraversePassiveMountEffects (node_modules/react-dom/cjs/react-dom-client.development.js:15439:11)
      at commitPassiveMountOnFiber (node_modules/react-dom/cjs/react-dom-client.development.js:15476:11)
      at recursivelyTraversePassiveMountEffects (node_modules/react-dom/cjs/react-dom-client.development.js:15439:11)
      at commitPassiveMountOnFiber (node_modules/react-dom/cjs/react-dom-client.development.js:15519:11)
      at flushPassiveEffects (node_modules/react-dom/cjs/react-dom-client.development.js:18432:9)
      at node_modules/react-dom/cjs/react-dom-client.development.js:17923:15
      at flushActQueue (node_modules/react/cjs/react.development.js:590:34)
      at node_modules/react/cjs/react.development.js:847:21

  ΓùÅ CR Search filters ΓÇ║ filters by minimum rating ">= 1Γÿà" shows rated CRs and hides unrated ones

    TypeError: Cannot read properties of undefined (reading 'watchPosition')

    [0m [90m 47 |[39m
     [90m 48 |[39m     [90m// location tracking[39m
    [31m[1m>[22m[39m[90m 49 |[39m     [36mconst[39m watchId [33m=[39m 
navigator[33m.[39mgeolocation[33m.[39mwatchPosition(
     [90m    |[39m                                           [31m[1m^[22m[39m
     [90m 50 |[39m       (pos) [33m=>[39m {
     [90m 51 |[39m         [36mconst[39m coords [33m=[39m [pos[33m.[39mcoords[33m.[39mlatitude[33m,[39m 
pos[33m.[39mcoords[33m.[39mlongitude][33m;[39m
     [90m 52 |[39m         [36mif[39m ([33mDate[39m[33m.[39mnow() [33m-[39m lastUpdateRef[33m.[39mcurrent 
[33m>[39m [35m2000[39m) {[0m

      at src/components/Search.js:49:43
      at Object.react_stack_bottom_frame (node_modules/react-dom/cjs/react-dom-client.development.js:25989:20)
      at runWithFiberInDEV (node_modules/react-dom/cjs/react-dom-client.development.js:874:13)
      at commitHookEffectListMount (node_modules/react-dom/cjs/react-dom-client.development.js:13249:29)
      at commitHookPassiveMountEffects (node_modules/react-dom/cjs/react-dom-client.development.js:13336:11)
      at commitPassiveMountOnFiber (node_modules/react-dom/cjs/react-dom-client.development.js:15484:13)
      at recursivelyTraversePassiveMountEffects (node_modules/react-dom/cjs/react-dom-client.development.js:15439:11)
      at commitPassiveMountOnFiber (node_modules/react-dom/cjs/react-dom-client.development.js:15718:11)
      at recursivelyTraversePassiveMountEffects (node_modules/react-dom/cjs/react-dom-client.development.js:15439:11)
      at commitPassiveMountOnFiber (node_modules/react-dom/cjs/react-dom-client.development.js:15718:11)
      at recursivelyTraversePassiveMountEffects (node_modules/react-dom/cjs/react-dom-client.development.js:15439:11)
      at commitPassiveMountOnFiber (node_modules/react-dom/cjs/react-dom-client.development.js:15476:11)
      at recursivelyTraversePassiveMountEffects (node_modules/react-dom/cjs/react-dom-client.development.js:15439:11)
      at commitPassiveMountOnFiber (node_modules/react-dom/cjs/react-dom-client.development.js:15476:11)
      at recursivelyTraversePassiveMountEffects (node_modules/react-dom/cjs/react-dom-client.development.js:15439:11)
      at commitPassiveMountOnFiber (node_modules/react-dom/cjs/react-dom-client.development.js:15519:11)
      at flushPassiveEffects (node_modules/react-dom/cjs/react-dom-client.development.js:18432:9)
      at node_modules/react-dom/cjs/react-dom-client.development.js:17923:15
      at flushActQueue (node_modules/react/cjs/react.development.js:590:34)
      at node_modules/react/cjs/react.development.js:847:21

  ΓùÅ CR Search filters ΓÇ║ filters by minimum rating ">= 2Γÿà" shows CRs rated 2 and above

    TypeError: Cannot read properties of undefined (reading 'watchPosition')

    [0m [90m 47 |[39m
     [90m 48 |[39m     [90m// location tracking[39m
    [31m[1m>[22m[39m[90m 49 |[39m     [36mconst[39m watchId [33m=[39m 
navigator[33m.[39mgeolocation[33m.[39mwatchPosition(
     [90m    |[39m                                           [31m[1m^[22m[39m
     [90m 50 |[39m       (pos) [33m=>[39m {
     [90m 51 |[39m         [36mconst[39m coords [33m=[39m [pos[33m.[39mcoords[33m.[39mlatitude[33m,[39m 
pos[33m.[39mcoords[33m.[39mlongitude][33m;[39m
     [90m 52 |[39m         [36mif[39m ([33mDate[39m[33m.[39mnow() [33m-[39m lastUpdateRef[33m.[39mcurrent 
[33m>[39m [35m2000[39m) {[0m

      at src/components/Search.js:49:43
      at Object.react_stack_bottom_frame (node_modules/react-dom/cjs/react-dom-client.development.js:25989:20)
      at runWithFiberInDEV (node_modules/react-dom/cjs/react-dom-client.development.js:874:13)
      at commitHookEffectListMount (node_modules/react-dom/cjs/react-dom-client.development.js:13249:29)
      at commitHookPassiveMountEffects (node_modules/react-dom/cjs/react-dom-client.development.js:13336:11)
      at commitPassiveMountOnFiber (node_modules/react-dom/cjs/react-dom-client.development.js:15484:13)
      at recursivelyTraversePassiveMountEffects (node_modules/react-dom/cjs/react-dom-client.development.js:15439:11)
      at commitPassiveMountOnFiber (node_modules/react-dom/cjs/react-dom-client.development.js:15718:11)
      at recursivelyTraversePassiveMountEffects (node_modules/react-dom/cjs/react-dom-client.development.js:15439:11)
      at commitPassiveMountOnFiber (node_modules/react-dom/cjs/react-dom-client.development.js:15718:11)
      at recursivelyTraversePassiveMountEffects (node_modules/react-dom/cjs/react-dom-client.development.js:15439:11)
      at commitPassiveMountOnFiber (node_modules/react-dom/cjs/react-dom-client.development.js:15476:11)
      at recursivelyTraversePassiveMountEffects (node_modules/react-dom/cjs/react-dom-client.development.js:15439:11)
      at commitPassiveMountOnFiber (node_modules/react-dom/cjs/react-dom-client.development.js:15476:11)
      at recursivelyTraversePassiveMountEffects (node_modules/react-dom/cjs/react-dom-client.development.js:15439:11)
      at commitPassiveMountOnFiber (node_modules/react-dom/cjs/react-dom-client.development.js:15519:11)
      at flushPassiveEffects (node_modules/react-dom/cjs/react-dom-client.development.js:18432:9)
      at node_modules/react-dom/cjs/react-dom-client.development.js:17923:15
      at flushActQueue (node_modules/react/cjs/react.development.js:590:34)
      at node_modules/react/cjs/react.development.js:847:21

  ΓùÅ CR Search filters ΓÇ║ filters by minimum rating ">= 3Γÿà" shows CRs rated 3 and above

    TypeError: Cannot read properties of undefined (reading 'watchPosition')

    [0m [90m 47 |[39m
     [90m 48 |[39m     [90m// location tracking[39m
    [31m[1m>[22m[39m[90m 49 |[39m     [36mconst[39m watchId [33m=[39m 
navigator[33m.[39mgeolocation[33m.[39mwatchPosition(
     [90m    |[39m                                           [31m[1m^[22m[39m
     [90m 50 |[39m       (pos) [33m=>[39m {
     [90m 51 |[39m         [36mconst[39m coords [33m=[39m [pos[33m.[39mcoords[33m.[39mlatitude[33m,[39m 
pos[33m.[39mcoords[33m.[39mlongitude][33m;[39m
     [90m 52 |[39m         [36mif[39m ([33mDate[39m[33m.[39mnow() [33m-[39m lastUpdateRef[33m.[39mcurrent 
[33m>[39m [35m2000[39m) {[0m

      at src/components/Search.js:49:43
      at Object.react_stack_bottom_frame (node_modules/react-dom/cjs/react-dom-client.development.js:25989:20)
      at runWithFiberInDEV (node_modules/react-dom/cjs/react-dom-client.development.js:874:13)
      at commitHookEffectListMount (node_modules/react-dom/cjs/react-dom-client.development.js:13249:29)
      at commitHookPassiveMountEffects (node_modules/react-dom/cjs/react-dom-client.development.js:13336:11)
      at commitPassiveMountOnFiber (node_modules/react-dom/cjs/react-dom-client.development.js:15484:13)
      at recursivelyTraversePassiveMountEffects (node_modules/react-dom/cjs/react-dom-client.development.js:15439:11)
      at commitPassiveMountOnFiber (node_modules/react-dom/cjs/react-dom-client.development.js:15718:11)
      at recursivelyTraversePassiveMountEffects (node_modules/react-dom/cjs/react-dom-client.development.js:15439:11)
      at commitPassiveMountOnFiber (node_modules/react-dom/cjs/react-dom-client.development.js:15718:11)
      at recursivelyTraversePassiveMountEffects (node_modules/react-dom/cjs/react-dom-client.development.js:15439:11)
      at commitPassiveMountOnFiber (node_modules/react-dom/cjs/react-dom-client.development.js:15476:11)
      at recursivelyTraversePassiveMountEffects (node_modules/react-dom/cjs/react-dom-client.development.js:15439:11)
      at commitPassiveMountOnFiber (node_modules/react-dom/cjs/react-dom-client.development.js:15476:11)
      at recursivelyTraversePassiveMountEffects (node_modules/react-dom/cjs/react-dom-client.development.js:15439:11)
      at commitPassiveMountOnFiber (node_modules/react-dom/cjs/react-dom-client.development.js:15519:11)
      at flushPassiveEffects (node_modules/react-dom/cjs/react-dom-client.development.js:18432:9)
      at node_modules/react-dom/cjs/react-dom-client.development.js:17923:15
      at flushActQueue (node_modules/react/cjs/react.development.js:590:34)
      at node_modules/react/cjs/react.development.js:847:21

  ΓùÅ CR Search filters ΓÇ║ filters by minimum rating ">= 4Γÿà" shows only CRs rated 4 and above

    TypeError: Cannot read properties of undefined (reading 'watchPosition')

    [0m [90m 47 |[39m
     [90m 48 |[39m     [90m// location tracking[39m
    [31m[1m>[22m[39m[90m 49 |[39m     [36mconst[39m watchId [33m=[39m 
navigator[33m.[39mgeolocation[33m.[39mwatchPosition(
     [90m    |[39m                                           [31m[1m^[22m[39m
     [90m 50 |[39m       (pos) [33m=>[39m {
     [90m 51 |[39m         [36mconst[39m coords [33m=[39m [pos[33m.[39mcoords[33m.[39mlatitude[33m,[39m 
pos[33m.[39mcoords[33m.[39mlongitude][33m;[39m
     [90m 52 |[39m         [36mif[39m ([33mDate[39m[33m.[39mnow() [33m-[39m lastUpdateRef[33m.[39mcurrent 
[33m>[39m [35m2000[39m) {[0m

      at src/components/Search.js:49:43
      at Object.react_stack_bottom_frame (node_modules/react-dom/cjs/react-dom-client.development.js:25989:20)
      at runWithFiberInDEV (node_modules/react-dom/cjs/react-dom-client.development.js:874:13)
      at commitHookEffectListMount (node_modules/react-dom/cjs/react-dom-client.development.js:13249:29)
      at commitHookPassiveMountEffects (node_modules/react-dom/cjs/react-dom-client.development.js:13336:11)
      at commitPassiveMountOnFiber (node_modules/react-dom/cjs/react-dom-client.development.js:15484:13)
      at recursivelyTraversePassiveMountEffects (node_modules/react-dom/cjs/react-dom-client.development.js:15439:11)
      at commitPassiveMountOnFiber (node_modules/react-dom/cjs/react-dom-client.development.js:15718:11)
      at recursivelyTraversePassiveMountEffects (node_modules/react-dom/cjs/react-dom-client.development.js:15439:11)
      at commitPassiveMountOnFiber (node_modules/react-dom/cjs/react-dom-client.development.js:15718:11)
      at recursivelyTraversePassiveMountEffects (node_modules/react-dom/cjs/react-dom-client.development.js:15439:11)
      at commitPassiveMountOnFiber (node_modules/react-dom/cjs/react-dom-client.development.js:15476:11)
      at recursivelyTraversePassiveMountEffects (node_modules/react-dom/cjs/react-dom-client.development.js:15439:11)
      at commitPassiveMountOnFiber (node_modules/react-dom/cjs/react-dom-client.development.js:15476:11)
      at recursivelyTraversePassiveMountEffects (node_modules/react-dom/cjs/react-dom-client.development.js:15439:11)
      at commitPassiveMountOnFiber (node_modules/react-dom/cjs/react-dom-client.development.js:15519:11)
      at flushPassiveEffects (node_modules/react-dom/cjs/react-dom-client.development.js:18432:9)
      at node_modules/react-dom/cjs/react-dom-client.development.js:17923:15
      at flushActQueue (node_modules/react/cjs/react.development.js:590:34)
      at node_modules/react/cjs/react.development.js:847:21

  ΓùÅ CR Search filters ΓÇ║ filters by minimum rating "5Γÿà only" shows only perfect-rated CRs

    TypeError: Cannot read properties of undefined (reading 'watchPosition')

    [0m [90m 47 |[39m
     [90m 48 |[39m     [90m// location tracking[39m
    [31m[1m>[22m[39m[90m 49 |[39m     [36mconst[39m watchId [33m=[39m 
navigator[33m.[39mgeolocation[33m.[39mwatchPosition(
     [90m    |[39m                                           [31m[1m^[22m[39m
     [90m 50 |[39m       (pos) [33m=>[39m {
     [90m 51 |[39m         [36mconst[39m coords [33m=[39m [pos[33m.[39mcoords[33m.[39mlatitude[33m,[39m 
pos[33m.[39mcoords[33m.[39mlongitude][33m;[39m
     [90m 52 |[39m         [36mif[39m ([33mDate[39m[33m.[39mnow() [33m-[39m lastUpdateRef[33m.[39mcurrent 
[33m>[39m [35m2000[39m) {[0m

      at src/components/Search.js:49:43
      at Object.react_stack_bottom_frame (node_modules/react-dom/cjs/react-dom-client.development.js:25989:20)
      at runWithFiberInDEV (node_modules/react-dom/cjs/react-dom-client.development.js:874:13)
      at commitHookEffectListMount (node_modules/react-dom/cjs/react-dom-client.development.js:13249:29)
      at commitHookPassiveMountEffects (node_modules/react-dom/cjs/react-dom-client.development.js:13336:11)
      at commitPassiveMountOnFiber (node_modules/react-dom/cjs/react-dom-client.development.js:15484:13)
      at recursivelyTraversePassiveMountEffects (node_modules/react-dom/cjs/react-dom-client.development.js:15439:11)
      at commitPassiveMountOnFiber (node_modules/react-dom/cjs/react-dom-client.development.js:15718:11)
      at recursivelyTraversePassiveMountEffects (node_modules/react-dom/cjs/react-dom-client.development.js:15439:11)
      at commitPassiveMountOnFiber (node_modules/react-dom/cjs/react-dom-client.development.js:15718:11)
      at recursivelyTraversePassiveMountEffects (node_modules/react-dom/cjs/react-dom-client.development.js:15439:11)
      at commitPassiveMountOnFiber (node_modules/react-dom/cjs/react-dom-client.development.js:15476:11)
      at recursivelyTraversePassiveMountEffects (node_modules/react-dom/cjs/react-dom-client.development.js:15439:11)
      at commitPassiveMountOnFiber (node_modules/react-dom/cjs/react-dom-client.development.js:15476:11)
      at recursivelyTraversePassiveMountEffects (node_modules/react-dom/cjs/react-dom-client.development.js:15439:11)
      at commitPassiveMountOnFiber (node_modules/react-dom/cjs/react-dom-client.development.js:15519:11)
      at flushPassiveEffects (node_modules/react-dom/cjs/react-dom-client.development.js:18432:9)
      at node_modules/react-dom/cjs/react-dom-client.development.js:17923:15
      at flushActQueue (node_modules/react/cjs/react.development.js:590:34)
      at node_modules/react/cjs/react.development.js:847:21

  ΓùÅ CR Search filters ΓÇ║ filters by tag with no tags selected returns all CRs

    TypeError: Cannot read properties of undefined (reading 'watchPosition')

    [0m [90m 47 |[39m
     [90m 48 |[39m     [90m// location tracking[39m
    [31m[1m>[22m[39m[90m 49 |[39m     [36mconst[39m watchId [33m=[39m 
navigator[33m.[39mgeolocation[33m.[39mwatchPosition(
     [90m    |[39m                                           [31m[1m^[22m[39m
     [90m 50 |[39m       (pos) [33m=>[39m {
     [90m 51 |[39m         [36mconst[39m coords [33m=[39m [pos[33m.[39mcoords[33m.[39mlatitude[33m,[39m 
pos[33m.[39mcoords[33m.[39mlongitude][33m;[39m
     [90m 52 |[39m         [36mif[39m ([33mDate[39m[33m.[39mnow() [33m-[39m lastUpdateRef[33m.[39mcurrent 
[33m>[39m [35m2000[39m) {[0m

      at src/components/Search.js:49:43
      at Object.react_stack_bottom_frame (node_modules/react-dom/cjs/react-dom-client.development.js:25989:20)
      at runWithFiberInDEV (node_modules/react-dom/cjs/react-dom-client.development.js:874:13)
      at commitHookEffectListMount (node_modules/react-dom/cjs/react-dom-client.development.js:13249:29)
      at commitHookPassiveMountEffects (node_modules/react-dom/cjs/react-dom-client.development.js:13336:11)
      at commitPassiveMountOnFiber (node_modules/react-dom/cjs/react-dom-client.development.js:15484:13)
      at recursivelyTraversePassiveMountEffects (node_modules/react-dom/cjs/react-dom-client.development.js:15439:11)
      at commitPassiveMountOnFiber (node_modules/react-dom/cjs/react-dom-client.development.js:15718:11)
      at recursivelyTraversePassiveMountEffects (node_modules/react-dom/cjs/react-dom-client.development.js:15439:11)
      at commitPassiveMountOnFiber (node_modules/react-dom/cjs/react-dom-client.development.js:15718:11)
      at recursivelyTraversePassiveMountEffects (node_modules/react-dom/cjs/react-dom-client.development.js:15439:11)
      at commitPassiveMountOnFiber (node_modules/react-dom/cjs/react-dom-client.development.js:15476:11)
      at recursivelyTraversePassiveMountEffects (node_modules/react-dom/cjs/react-dom-client.development.js:15439:11)
      at commitPassiveMountOnFiber (node_modules/react-dom/cjs/react-dom-client.development.js:15476:11)
      at recursivelyTraversePassiveMountEffects (node_modules/react-dom/cjs/react-dom-client.development.js:15439:11)
      at commitPassiveMountOnFiber (node_modules/react-dom/cjs/react-dom-client.development.js:15519:11)
      at flushPassiveEffects (node_modules/react-dom/cjs/react-dom-client.development.js:18432:9)
      at node_modules/react-dom/cjs/react-dom-client.development.js:17923:15
      at flushActQueue (node_modules/react/cjs/react.development.js:590:34)
      at node_modules/react/cjs/react.development.js:847:21

  ΓùÅ CR Search filters ΓÇ║ filters by 1 tag (Bidet) returns only CRs that have it

    TypeError: Cannot read properties of undefined (reading 'watchPosition')

    [0m [90m 47 |[39m
     [90m 48 |[39m     [90m// location tracking[39m
    [31m[1m>[22m[39m[90m 49 |[39m     [36mconst[39m watchId [33m=[39m 
navigator[33m.[39mgeolocation[33m.[39mwatchPosition(
     [90m    |[39m                                           [31m[1m^[22m[39m
     [90m 50 |[39m       (pos) [33m=>[39m {
     [90m 51 |[39m         [36mconst[39m coords [33m=[39m [pos[33m.[39mcoords[33m.[39mlatitude[33m,[39m 
pos[33m.[39mcoords[33m.[39mlongitude][33m;[39m
     [90m 52 |[39m         [36mif[39m ([33mDate[39m[33m.[39mnow() [33m-[39m lastUpdateRef[33m.[39mcurrent 
[33m>[39m [35m2000[39m) {[0m

      at src/components/Search.js:49:43
      at Object.react_stack_bottom_frame (node_modules/react-dom/cjs/react-dom-client.development.js:25989:20)
      at runWithFiberInDEV (node_modules/react-dom/cjs/react-dom-client.development.js:874:13)
      at commitHookEffectListMount (node_modules/react-dom/cjs/react-dom-client.development.js:13249:29)
      at commitHookPassiveMountEffects (node_modules/react-dom/cjs/react-dom-client.development.js:13336:11)
      at commitPassiveMountOnFiber (node_modules/react-dom/cjs/react-dom-client.development.js:15484:13)
      at recursivelyTraversePassiveMountEffects (node_modules/react-dom/cjs/react-dom-client.development.js:15439:11)
      at commitPassiveMountOnFiber (node_modules/react-dom/cjs/react-dom-client.development.js:15718:11)
      at recursivelyTraversePassiveMountEffects (node_modules/react-dom/cjs/react-dom-client.development.js:15439:11)
      at commitPassiveMountOnFiber (node_modules/react-dom/cjs/react-dom-client.development.js:15718:11)
      at recursivelyTraversePassiveMountEffects (node_modules/react-dom/cjs/react-dom-client.development.js:15439:11)
      at commitPassiveMountOnFiber (node_modules/react-dom/cjs/react-dom-client.development.js:15476:11)
      at recursivelyTraversePassiveMountEffects (node_modules/react-dom/cjs/react-dom-client.development.js:15439:11)
      at commitPassiveMountOnFiber (node_modules/react-dom/cjs/react-dom-client.development.js:15476:11)
      at recursivelyTraversePassiveMountEffects (node_modules/react-dom/cjs/react-dom-client.development.js:15439:11)
      at commitPassiveMountOnFiber (node_modules/react-dom/cjs/react-dom-client.development.js:15519:11)
      at flushPassiveEffects (node_modules/react-dom/cjs/react-dom-client.development.js:18432:9)
      at node_modules/react-dom/cjs/react-dom-client.development.js:17923:15
      at flushActQueue (node_modules/react/cjs/react.development.js:590:34)
      at node_modules/react/cjs/react.development.js:847:21

  ΓùÅ CR Search filters ΓÇ║ filters by 2 tags (Bidet + Spacious) returns only CRs that have both

    TypeError: Cannot read properties of undefined (reading 'watchPosition')

    [0m [90m 47 |[39m
     [90m 48 |[39m     [90m// location tracking[39m
    [31m[1m>[22m[39m[90m 49 |[39m     [36mconst[39m watchId [33m=[39m 
navigator[33m.[39mgeolocation[33m.[39mwatchPosition(
     [90m    |[39m                                           [31m[1m^[22m[39m
     [90m 50 |[39m       (pos) [33m=>[39m {
     [90m 51 |[39m         [36mconst[39m coords [33m=[39m [pos[33m.[39mcoords[33m.[39mlatitude[33m,[39m 
pos[33m.[39mcoords[33m.[39mlongitude][33m;[39m
     [90m 52 |[39m         [36mif[39m ([33mDate[39m[33m.[39mnow() [33m-[39m lastUpdateRef[33m.[39mcurrent 
[33m>[39m [35m2000[39m) {[0m

      at src/components/Search.js:49:43
      at Object.react_stack_bottom_frame (node_modules/react-dom/cjs/react-dom-client.development.js:25989:20)
      at runWithFiberInDEV (node_modules/react-dom/cjs/react-dom-client.development.js:874:13)
      at commitHookEffectListMount (node_modules/react-dom/cjs/react-dom-client.development.js:13249:29)
      at commitHookPassiveMountEffects (node_modules/react-dom/cjs/react-dom-client.development.js:13336:11)
      at commitPassiveMountOnFiber (node_modules/react-dom/cjs/react-dom-client.development.js:15484:13)
      at recursivelyTraversePassiveMountEffects (node_modules/react-dom/cjs/react-dom-client.development.js:15439:11)
      at commitPassiveMountOnFiber (node_modules/react-dom/cjs/react-dom-client.development.js:15718:11)
      at recursivelyTraversePassiveMountEffects (node_modules/react-dom/cjs/react-dom-client.development.js:15439:11)
      at commitPassiveMountOnFiber (node_modules/react-dom/cjs/react-dom-client.development.js:15718:11)
      at recursivelyTraversePassiveMountEffects (node_modules/react-dom/cjs/react-dom-client.development.js:15439:11)
      at commitPassiveMountOnFiber (node_modules/react-dom/cjs/react-dom-client.development.js:15476:11)
      at recursivelyTraversePassiveMountEffects (node_modules/react-dom/cjs/react-dom-client.development.js:15439:11)
      at commitPassiveMountOnFiber (node_modules/react-dom/cjs/react-dom-client.development.js:15476:11)
      at recursivelyTraversePassiveMountEffects (node_modules/react-dom/cjs/react-dom-client.development.js:15439:11)
      at commitPassiveMountOnFiber (node_modules/react-dom/cjs/react-dom-client.development.js:15519:11)
      at flushPassiveEffects (node_modules/react-dom/cjs/react-dom-client.development.js:18432:9)
      at node_modules/react-dom/cjs/react-dom-client.development.js:17923:15
      at flushActQueue (node_modules/react/cjs/react.development.js:590:34)
      at node_modules/react/cjs/react.development.js:847:21

  ΓùÅ CR Search filters ΓÇ║ shows "No CR matches found" when nothing matches

    TypeError: Cannot read properties of undefined (reading 'watchPosition')

    [0m [90m 47 |[39m
     [90m 48 |[39m     [90m// location tracking[39m
    [31m[1m>[22m[39m[90m 49 |[39m     [36mconst[39m watchId [33m=[39m 
navigator[33m.[39mgeolocation[33m.[39mwatchPosition(
     [90m    |[39m                                           [31m[1m^[22m[39m
     [90m 50 |[39m       (pos) [33m=>[39m {
     [90m 51 |[39m         [36mconst[39m coords [33m=[39m [pos[33m.[39mcoords[33m.[39mlatitude[33m,[39m 
pos[33m.[39mcoords[33m.[39mlongitude][33m;[39m
     [90m 52 |[39m         [36mif[39m ([33mDate[39m[33m.[39mnow() [33m-[39m lastUpdateRef[33m.[39mcurrent 
[33m>[39m [35m2000[39m) {[0m

      at src/components/Search.js:49:43
      at Object.react_stack_bottom_frame (node_modules/react-dom/cjs/react-dom-client.development.js:25989:20)
      at runWithFiberInDEV (node_modules/react-dom/cjs/react-dom-client.development.js:874:13)
      at commitHookEffectListMount (node_modules/react-dom/cjs/react-dom-client.development.js:13249:29)
      at commitHookPassiveMountEffects (node_modules/react-dom/cjs/react-dom-client.development.js:13336:11)
      at commitPassiveMountOnFiber (node_modules/react-dom/cjs/react-dom-client.development.js:15484:13)
      at recursivelyTraversePassiveMountEffects (node_modules/react-dom/cjs/react-dom-client.development.js:15439:11)
      at commitPassiveMountOnFiber (node_modules/react-dom/cjs/react-dom-client.development.js:15718:11)
      at recursivelyTraversePassiveMountEffects (node_modules/react-dom/cjs/react-dom-client.development.js:15439:11)
      at commitPassiveMountOnFiber (node_modules/react-dom/cjs/react-dom-client.development.js:15718:11)
      at recursivelyTraversePassiveMountEffects (node_modules/react-dom/cjs/react-dom-client.development.js:15439:11)
      at commitPassiveMountOnFiber (node_modules/react-dom/cjs/react-dom-client.development.js:15476:11)
      at recursivelyTraversePassiveMountEffects (node_modules/react-dom/cjs/react-dom-client.development.js:15439:11)
      at commitPassiveMountOnFiber (node_modules/react-dom/cjs/react-dom-client.development.js:15476:11)
      at recursivelyTraversePassiveMountEffects (node_modules/react-dom/cjs/react-dom-client.development.js:15439:11)
      at commitPassiveMountOnFiber (node_modules/react-dom/cjs/react-dom-client.development.js:15519:11)
      at flushPassiveEffects (node_modules/react-dom/cjs/react-dom-client.development.js:18432:9)
      at node_modules/react-dom/cjs/react-dom-client.development.js:17923:15
      at flushActQueue (node_modules/react/cjs/react.development.js:590:34)
      at node_modules/react/cjs/react.development.js:847:21

  ΓùÅ CR Search filters ΓÇ║ result cards link to the correct CR page

    TypeError: Cannot read properties of undefined (reading 'watchPosition')

    [0m [90m 47 |[39m
     [90m 48 |[39m     [90m// location tracking[39m
    [31m[1m>[22m[39m[90m 49 |[39m     [36mconst[39m watchId [33m=[39m 
navigator[33m.[39mgeolocation[33m.[39mwatchPosition(
     [90m    |[39m                                           [31m[1m^[22m[39m
     [90m 50 |[39m       (pos) [33m=>[39m {
     [90m 51 |[39m         [36mconst[39m coords [33m=[39m [pos[33m.[39mcoords[33m.[39mlatitude[33m,[39m 
pos[33m.[39mcoords[33m.[39mlongitude][33m;[39m
     [90m 52 |[39m         [36mif[39m ([33mDate[39m[33m.[39mnow() [33m-[39m lastUpdateRef[33m.[39mcurrent 
[33m>[39m [35m2000[39m) {[0m

      at src/components/Search.js:49:43
      at Object.react_stack_bottom_frame (node_modules/react-dom/cjs/react-dom-client.development.js:25989:20)
      at runWithFiberInDEV (node_modules/react-dom/cjs/react-dom-client.development.js:874:13)
      at commitHookEffectListMount (node_modules/react-dom/cjs/react-dom-client.development.js:13249:29)
      at commitHookPassiveMountEffects (node_modules/react-dom/cjs/react-dom-client.development.js:13336:11)
      at commitPassiveMountOnFiber (node_modules/react-dom/cjs/react-dom-client.development.js:15484:13)
      at recursivelyTraversePassiveMountEffects (node_modules/react-dom/cjs/react-dom-client.development.js:15439:11)
      at commitPassiveMountOnFiber (node_modules/react-dom/cjs/react-dom-client.development.js:15718:11)
      at recursivelyTraversePassiveMountEffects (node_modules/react-dom/cjs/react-dom-client.development.js:15439:11)
      at commitPassiveMountOnFiber (node_modules/react-dom/cjs/react-dom-client.development.js:15718:11)
      at recursivelyTraversePassiveMountEffects (node_modules/react-dom/cjs/react-dom-client.development.js:15439:11)
      at commitPassiveMountOnFiber (node_modules/react-dom/cjs/react-dom-client.development.js:15476:11)
      at recursivelyTraversePassiveMountEffects (node_modules/react-dom/cjs/react-dom-client.development.js:15439:11)
      at commitPassiveMountOnFiber (node_modules/react-dom/cjs/react-dom-client.development.js:15476:11)
      at recursivelyTraversePassiveMountEffects (node_modules/react-dom/cjs/react-dom-client.development.js:15439:11)
      at commitPassiveMountOnFiber (node_modules/react-dom/cjs/react-dom-client.development.js:15519:11)
      at flushPassiveEffects (node_modules/react-dom/cjs/react-dom-client.development.js:18432:9)
      at node_modules/react-dom/cjs/react-dom-client.development.js:17923:15
      at flushActQueue (node_modules/react/cjs/react.development.js:590:34)
      at node_modules/react/cjs/react.development.js:847:21

FAIL src/components/Profile.test.js
  ΓùÅ Console

    console.error
      Fetch error: Error: Unknown URL: /CRs
          at C:\Users\ejaso\Documents\SCHOOL\YEAR 3\SEM 2\CSCI 
42\ASSESSMENT\Project\Shiitake\client\src\components\Profile.test.js:28:27
          at C:\Users\ejaso\Documents\SCHOOL\YEAR 3\SEM 2\CSCI 
42\ASSESSMENT\Project\Shiitake\client\node_modules\jest-mock\build\index.js:449:39
          at C:\Users\ejaso\Documents\SCHOOL\YEAR 3\SEM 2\CSCI 
42\ASSESSMENT\Project\Shiitake\client\node_modules\jest-mock\build\index.js:457:13
          at fetch (C:\Users\ejaso\Documents\SCHOOL\YEAR 3\SEM 2\CSCI 
42\ASSESSMENT\Project\Shiitake\client\node_modules\jest-mock\build\index.js:170:19)
          at loadCR (C:\Users\ejaso\Documents\SCHOOL\YEAR 3\SEM 2\CSCI 
42\ASSESSMENT\Project\Shiitake\client\src\components\Profile.js:141:37)
          at C:\Users\ejaso\Documents\SCHOOL\YEAR 3\SEM 2\CSCI 
42\ASSESSMENT\Project\Shiitake\client\src\components\Profile.js:149:9
          at Object.react_stack_bottom_frame (C:\Users\ejaso\Documents\SCHOOL\YEAR 3\SEM 2\CSCI 
42\ASSESSMENT\Project\Shiitake\client\node_modules\react-dom\cjs\react-dom-client.development.js:25989:20)
          at runWithFiberInDEV (C:\Users\ejaso\Documents\SCHOOL\YEAR 3\SEM 2\CSCI 
42\ASSESSMENT\Project\Shiitake\client\node_modules\react-dom\cjs\react-dom-client.development.js:874:13)
          at commitHookEffectListMount (C:\Users\ejaso\Documents\SCHOOL\YEAR 3\SEM 2\CSCI 
42\ASSESSMENT\Project\Shiitake\client\node_modules\react-dom\cjs\react-dom-client.development.js:13249:29)
          at commitHookPassiveMountEffects (C:\Users\ejaso\Documents\SCHOOL\YEAR 3\SEM 2\CSCI 
42\ASSESSMENT\Project\Shiitake\client\node_modules\react-dom\cjs\react-dom-client.development.js:13336:11)
          at commitPassiveMountOnFiber (C:\Users\ejaso\Documents\SCHOOL\YEAR 3\SEM 2\CSCI 
42\ASSESSMENT\Project\Shiitake\client\node_modules\react-dom\cjs\react-dom-client.development.js:15484:13)
          at recursivelyTraversePassiveMountEffects (C:\Users\ejaso\Documents\SCHOOL\YEAR 3\SEM 2\CSCI 
42\ASSESSMENT\Project\Shiitake\client\node_modules\react-dom\cjs\react-dom-client.development.js:15439:11)
          at commitPassiveMountOnFiber (C:\Users\ejaso\Documents\SCHOOL\YEAR 3\SEM 2\CSCI 
42\ASSESSMENT\Project\Shiitake\client\node_modules\react-dom\cjs\react-dom-client.development.js:15718:11)
          at recursivelyTraversePassiveMountEffects (C:\Users\ejaso\Documents\SCHOOL\YEAR 3\SEM 2\CSCI 
42\ASSESSMENT\Project\Shiitake\client\node_modules\react-dom\cjs\react-dom-client.development.js:15439:11)
          at commitPassiveMountOnFiber (C:\Users\ejaso\Documents\SCHOOL\YEAR 3\SEM 2\CSCI 
42\ASSESSMENT\Project\Shiitake\client\node_modules\react-dom\cjs\react-dom-client.development.js:15476:11)
          at recursivelyTraversePassiveMountEffects (C:\Users\ejaso\Documents\SCHOOL\YEAR 3\SEM 2\CSCI 
42\ASSESSMENT\Project\Shiitake\client\node_modules\react-dom\cjs\react-dom-client.development.js:15439:11)
          at commitPassiveMountOnFiber (C:\Users\ejaso\Documents\SCHOOL\YEAR 3\SEM 2\CSCI 
42\ASSESSMENT\Project\Shiitake\client\node_modules\react-dom\cjs\react-dom-client.development.js:15476:11)
          at recursivelyTraversePassiveMountEffects (C:\Users\ejaso\Documents\SCHOOL\YEAR 3\SEM 2\CSCI 
42\ASSESSMENT\Project\Shiitake\client\node_modules\react-dom\cjs\react-dom-client.development.js:15439:11)
          at commitPassiveMountOnFiber (C:\Users\ejaso\Documents\SCHOOL\YEAR 3\SEM 2\CSCI 
42\ASSESSMENT\Project\Shiitake\client\node_modules\react-dom\cjs\react-dom-client.development.js:15718:11)
          at recursivelyTraversePassiveMountEffects (C:\Users\ejaso\Documents\SCHOOL\YEAR 3\SEM 2\CSCI 
42\ASSESSMENT\Project\Shiitake\client\node_modules\react-dom\cjs\react-dom-client.development.js:15439:11)
          at commitPassiveMountOnFiber (C:\Users\ejaso\Documents\SCHOOL\YEAR 3\SEM 2\CSCI 
42\ASSESSMENT\Project\Shiitake\client\node_modules\react-dom\cjs\react-dom-client.development.js:15718:11)
          at recursivelyTraversePassiveMountEffects (C:\Users\ejaso\Documents\SCHOOL\YEAR 3\SEM 2\CSCI 
42\ASSESSMENT\Project\Shiitake\client\node_modules\react-dom\cjs\react-dom-client.development.js:15439:11)
          at commitPassiveMountOnFiber (C:\Users\ejaso\Documents\SCHOOL\YEAR 3\SEM 2\CSCI 
42\ASSESSMENT\Project\Shiitake\client\node_modules\react-dom\cjs\react-dom-client.development.js:15476:11)
          at recursivelyTraversePassiveMountEffects (C:\Users\ejaso\Documents\SCHOOL\YEAR 3\SEM 2\CSCI 
42\ASSESSMENT\Project\Shiitake\client\node_modules\react-dom\cjs\react-dom-client.development.js:15439:11)
          at commitPassiveMountOnFiber (C:\Users\ejaso\Documents\SCHOOL\YEAR 3\SEM 2\CSCI 
42\ASSESSMENT\Project\Shiitake\client\node_modules\react-dom\cjs\react-dom-client.development.js:15476:11)
          at recursivelyTraversePassiveMountEffects (C:\Users\ejaso\Documents\SCHOOL\YEAR 3\SEM 2\CSCI 
42\ASSESSMENT\Project\Shiitake\client\node_modules\react-dom\cjs\react-dom-client.development.js:15439:11)
          at commitPassiveMountOnFiber (C:\Users\ejaso\Documents\SCHOOL\YEAR 3\SEM 2\CSCI 
42\ASSESSMENT\Project\Shiitake\client\node_modules\react-dom\cjs\react-dom-client.development.js:15519:11)
          at flushPassiveEffects (C:\Users\ejaso\Documents\SCHOOL\YEAR 3\SEM 2\CSCI 
42\ASSESSMENT\Project\Shiitake\client\node_modules\react-dom\cjs\react-dom-client.development.js:18432:9)
          at C:\Users\ejaso\Documents\SCHOOL\YEAR 3\SEM 2\CSCI 
42\ASSESSMENT\Project\Shiitake\client\node_modules\react-dom\cjs\react-dom-client.development.js:17923:15
          at flushActQueue (C:\Users\ejaso\Documents\SCHOOL\YEAR 3\SEM 2\CSCI 
42\ASSESSMENT\Project\Shiitake\client\node_modules\react\cjs\react.development.js:590:34)
          at C:\Users\ejaso\Documents\SCHOOL\YEAR 3\SEM 2\CSCI 
42\ASSESSMENT\Project\Shiitake\client\node_modules\react\cjs\react.development.js:847:21
          at processTicksAndRejections (node:internal/process/task_queues:105:5)

    [0m [90m 144 |[39m     
     [90m 145 |[39m             } [36mcatch[39m (err) {
    [31m[1m>[22m[39m[90m 146 |[39m                 console[33m.[39merror([32m"Fetch error:"[39m[33m,[39m 
err)[33m;[39m
     [90m     |[39m                         [31m[1m^[22m[39m
     [90m 147 |[39m             }
     [90m 148 |[39m         }
     [90m 149 |[39m         loadCR()[33m;[39m[0m

      at loadCR (src/components/Profile.js:146:25)

    console.error
      Fetch error: Error: Unknown URL: /CRs
          at C:\Users\ejaso\Documents\SCHOOL\YEAR 3\SEM 2\CSCI 
42\ASSESSMENT\Project\Shiitake\client\src\components\Profile.test.js:28:27
          at C:\Users\ejaso\Documents\SCHOOL\YEAR 3\SEM 2\CSCI 
42\ASSESSMENT\Project\Shiitake\client\node_modules\jest-mock\build\index.js:449:39
          at C:\Users\ejaso\Documents\SCHOOL\YEAR 3\SEM 2\CSCI 
42\ASSESSMENT\Project\Shiitake\client\node_modules\jest-mock\build\index.js:457:13
          at fetch (C:\Users\ejaso\Documents\SCHOOL\YEAR 3\SEM 2\CSCI 
42\ASSESSMENT\Project\Shiitake\client\node_modules\jest-mock\build\index.js:170:19)
          at loadCR (C:\Users\ejaso\Documents\SCHOOL\YEAR 3\SEM 2\CSCI 
42\ASSESSMENT\Project\Shiitake\client\src\components\Profile.js:141:37)
          at C:\Users\ejaso\Documents\SCHOOL\YEAR 3\SEM 2\CSCI 
42\ASSESSMENT\Project\Shiitake\client\src\components\Profile.js:149:9
          at Object.react_stack_bottom_frame (C:\Users\ejaso\Documents\SCHOOL\YEAR 3\SEM 2\CSCI 
42\ASSESSMENT\Project\Shiitake\client\node_modules\react-dom\cjs\react-dom-client.development.js:25989:20)
          at runWithFiberInDEV (C:\Users\ejaso\Documents\SCHOOL\YEAR 3\SEM 2\CSCI 
42\ASSESSMENT\Project\Shiitake\client\node_modules\react-dom\cjs\react-dom-client.development.js:874:13)
          at commitHookEffectListMount (C:\Users\ejaso\Documents\SCHOOL\YEAR 3\SEM 2\CSCI 
42\ASSESSMENT\Project\Shiitake\client\node_modules\react-dom\cjs\react-dom-client.development.js:13249:29)
          at commitHookPassiveMountEffects (C:\Users\ejaso\Documents\SCHOOL\YEAR 3\SEM 2\CSCI 
42\ASSESSMENT\Project\Shiitake\client\node_modules\react-dom\cjs\react-dom-client.development.js:13336:11)
          at commitPassiveMountOnFiber (C:\Users\ejaso\Documents\SCHOOL\YEAR 3\SEM 2\CSCI 
42\ASSESSMENT\Project\Shiitake\client\node_modules\react-dom\cjs\react-dom-client.development.js:15484:13)
          at recursivelyTraversePassiveMountEffects (C:\Users\ejaso\Documents\SCHOOL\YEAR 3\SEM 2\CSCI 
42\ASSESSMENT\Project\Shiitake\client\node_modules\react-dom\cjs\react-dom-client.development.js:15439:11)
          at commitPassiveMountOnFiber (C:\Users\ejaso\Documents\SCHOOL\YEAR 3\SEM 2\CSCI 
42\ASSESSMENT\Project\Shiitake\client\node_modules\react-dom\cjs\react-dom-client.development.js:15718:11)
          at recursivelyTraversePassiveMountEffects (C:\Users\ejaso\Documents\SCHOOL\YEAR 3\SEM 2\CSCI 
42\ASSESSMENT\Project\Shiitake\client\node_modules\react-dom\cjs\react-dom-client.development.js:15439:11)
          at commitPassiveMountOnFiber (C:\Users\ejaso\Documents\SCHOOL\YEAR 3\SEM 2\CSCI 
42\ASSESSMENT\Project\Shiitake\client\node_modules\react-dom\cjs\react-dom-client.development.js:15476:11)
          at recursivelyTraversePassiveMountEffects (C:\Users\ejaso\Documents\SCHOOL\YEAR 3\SEM 2\CSCI 
42\ASSESSMENT\Project\Shiitake\client\node_modules\react-dom\cjs\react-dom-client.development.js:15439:11)
          at commitPassiveMountOnFiber (C:\Users\ejaso\Documents\SCHOOL\YEAR 3\SEM 2\CSCI 
42\ASSESSMENT\Project\Shiitake\client\node_modules\react-dom\cjs\react-dom-client.development.js:15476:11)
          at recursivelyTraversePassiveMountEffects (C:\Users\ejaso\Documents\SCHOOL\YEAR 3\SEM 2\CSCI 
42\ASSESSMENT\Project\Shiitake\client\node_modules\react-dom\cjs\react-dom-client.development.js:15439:11)
          at commitPassiveMountOnFiber (C:\Users\ejaso\Documents\SCHOOL\YEAR 3\SEM 2\CSCI 
42\ASSESSMENT\Project\Shiitake\client\node_modules\react-dom\cjs\react-dom-client.development.js:15718:11)
          at recursivelyTraversePassiveMountEffects (C:\Users\ejaso\Documents\SCHOOL\YEAR 3\SEM 2\CSCI 
42\ASSESSMENT\Project\Shiitake\client\node_modules\react-dom\cjs\react-dom-client.development.js:15439:11)
          at commitPassiveMountOnFiber (C:\Users\ejaso\Documents\SCHOOL\YEAR 3\SEM 2\CSCI 
42\ASSESSMENT\Project\Shiitake\client\node_modules\react-dom\cjs\react-dom-client.development.js:15718:11)
          at recursivelyTraversePassiveMountEffects (C:\Users\ejaso\Documents\SCHOOL\YEAR 3\SEM 2\CSCI 
42\ASSESSMENT\Project\Shiitake\client\node_modules\react-dom\cjs\react-dom-client.development.js:15439:11)
          at commitPassiveMountOnFiber (C:\Users\ejaso\Documents\SCHOOL\YEAR 3\SEM 2\CSCI 
42\ASSESSMENT\Project\Shiitake\client\node_modules\react-dom\cjs\react-dom-client.development.js:15476:11)
          at recursivelyTraversePassiveMountEffects (C:\Users\ejaso\Documents\SCHOOL\YEAR 3\SEM 2\CSCI 
42\ASSESSMENT\Project\Shiitake\client\node_modules\react-dom\cjs\react-dom-client.development.js:15439:11)
          at commitPassiveMountOnFiber (C:\Users\ejaso\Documents\SCHOOL\YEAR 3\SEM 2\CSCI 
42\ASSESSMENT\Project\Shiitake\client\node_modules\react-dom\cjs\react-dom-client.development.js:15476:11)
          at recursivelyTraversePassiveMountEffects (C:\Users\ejaso\Documents\SCHOOL\YEAR 3\SEM 2\CSCI 
42\ASSESSMENT\Project\Shiitake\client\node_modules\react-dom\cjs\react-dom-client.development.js:15439:11)
          at commitPassiveMountOnFiber (C:\Users\ejaso\Documents\SCHOOL\YEAR 3\SEM 2\CSCI 
42\ASSESSMENT\Project\Shiitake\client\node_modules\react-dom\cjs\react-dom-client.development.js:15519:11)
          at flushPassiveEffects (C:\Users\ejaso\Documents\SCHOOL\YEAR 3\SEM 2\CSCI 
42\ASSESSMENT\Project\Shiitake\client\node_modules\react-dom\cjs\react-dom-client.development.js:18432:9)
          at C:\Users\ejaso\Documents\SCHOOL\YEAR 3\SEM 2\CSCI 
42\ASSESSMENT\Project\Shiitake\client\node_modules\react-dom\cjs\react-dom-client.development.js:17923:15
          at flushActQueue (C:\Users\ejaso\Documents\SCHOOL\YEAR 3\SEM 2\CSCI 
42\ASSESSMENT\Project\Shiitake\client\node_modules\react\cjs\react.development.js:590:34)
          at C:\Users\ejaso\Documents\SCHOOL\YEAR 3\SEM 2\CSCI 
42\ASSESSMENT\Project\Shiitake\client\node_modules\react\cjs\react.development.js:847:21

    [0m [90m 144 |[39m     
     [90m 145 |[39m             } [36mcatch[39m (err) {
    [31m[1m>[22m[39m[90m 146 |[39m                 console[33m.[39merror([32m"Fetch error:"[39m[33m,[39m 
err)[33m;[39m
     [90m     |[39m                         [31m[1m^[22m[39m
     [90m 147 |[39m             }
     [90m 148 |[39m         }
     [90m 149 |[39m         loadCR()[33m;[39m[0m

      at loadCR (src/components/Profile.js:146:25)

    console.error
      Fetch error: Error: Unknown URL: /CRs
          at C:\Users\ejaso\Documents\SCHOOL\YEAR 3\SEM 2\CSCI 
42\ASSESSMENT\Project\Shiitake\client\src\components\Profile.test.js:28:27
          at C:\Users\ejaso\Documents\SCHOOL\YEAR 3\SEM 2\CSCI 
42\ASSESSMENT\Project\Shiitake\client\node_modules\jest-mock\build\index.js:449:39
          at C:\Users\ejaso\Documents\SCHOOL\YEAR 3\SEM 2\CSCI 
42\ASSESSMENT\Project\Shiitake\client\node_modules\jest-mock\build\index.js:457:13
          at fetch (C:\Users\ejaso\Documents\SCHOOL\YEAR 3\SEM 2\CSCI 
42\ASSESSMENT\Project\Shiitake\client\node_modules\jest-mock\build\index.js:170:19)
          at loadCR (C:\Users\ejaso\Documents\SCHOOL\YEAR 3\SEM 2\CSCI 
42\ASSESSMENT\Project\Shiitake\client\src\components\Profile.js:141:37)
          at C:\Users\ejaso\Documents\SCHOOL\YEAR 3\SEM 2\CSCI 
42\ASSESSMENT\Project\Shiitake\client\src\components\Profile.js:149:9
          at Object.react_stack_bottom_frame (C:\Users\ejaso\Documents\SCHOOL\YEAR 3\SEM 2\CSCI 
42\ASSESSMENT\Project\Shiitake\client\node_modules\react-dom\cjs\react-dom-client.development.js:25989:20)
          at runWithFiberInDEV (C:\Users\ejaso\Documents\SCHOOL\YEAR 3\SEM 2\CSCI 
42\ASSESSMENT\Project\Shiitake\client\node_modules\react-dom\cjs\react-dom-client.development.js:874:13)
          at commitHookEffectListMount (C:\Users\ejaso\Documents\SCHOOL\YEAR 3\SEM 2\CSCI 
42\ASSESSMENT\Project\Shiitake\client\node_modules\react-dom\cjs\react-dom-client.development.js:13249:29)
          at commitHookPassiveMountEffects (C:\Users\ejaso\Documents\SCHOOL\YEAR 3\SEM 2\CSCI 
42\ASSESSMENT\Project\Shiitake\client\node_modules\react-dom\cjs\react-dom-client.development.js:13336:11)
          at commitPassiveMountOnFiber (C:\Users\ejaso\Documents\SCHOOL\YEAR 3\SEM 2\CSCI 
42\ASSESSMENT\Project\Shiitake\client\node_modules\react-dom\cjs\react-dom-client.development.js:15484:13)
          at recursivelyTraversePassiveMountEffects (C:\Users\ejaso\Documents\SCHOOL\YEAR 3\SEM 2\CSCI 
42\ASSESSMENT\Project\Shiitake\client\node_modules\react-dom\cjs\react-dom-client.development.js:15439:11)
          at commitPassiveMountOnFiber (C:\Users\ejaso\Documents\SCHOOL\YEAR 3\SEM 2\CSCI 
42\ASSESSMENT\Project\Shiitake\client\node_modules\react-dom\cjs\react-dom-client.development.js:15718:11)
          at recursivelyTraversePassiveMountEffects (C:\Users\ejaso\Documents\SCHOOL\YEAR 3\SEM 2\CSCI 
42\ASSESSMENT\Project\Shiitake\client\node_modules\react-dom\cjs\react-dom-client.development.js:15439:11)
          at commitPassiveMountOnFiber (C:\Users\ejaso\Documents\SCHOOL\YEAR 3\SEM 2\CSCI 
42\ASSESSMENT\Project\Shiitake\client\node_modules\react-dom\cjs\react-dom-client.development.js:15476:11)
          at recursivelyTraversePassiveMountEffects (C:\Users\ejaso\Documents\SCHOOL\YEAR 3\SEM 2\CSCI 
42\ASSESSMENT\Project\Shiitake\client\node_modules\react-dom\cjs\react-dom-client.development.js:15439:11)
          at commitPassiveMountOnFiber (C:\Users\ejaso\Documents\SCHOOL\YEAR 3\SEM 2\CSCI 
42\ASSESSMENT\Project\Shiitake\client\node_modules\react-dom\cjs\react-dom-client.development.js:15476:11)
          at recursivelyTraversePassiveMountEffects (C:\Users\ejaso\Documents\SCHOOL\YEAR 3\SEM 2\CSCI 
42\ASSESSMENT\Project\Shiitake\client\node_modules\react-dom\cjs\react-dom-client.development.js:15439:11)
          at commitPassiveMountOnFiber (C:\Users\ejaso\Documents\SCHOOL\YEAR 3\SEM 2\CSCI 
42\ASSESSMENT\Project\Shiitake\client\node_modules\react-dom\cjs\react-dom-client.development.js:15718:11)
          at recursivelyTraversePassiveMountEffects (C:\Users\ejaso\Documents\SCHOOL\YEAR 3\SEM 2\CSCI 
42\ASSESSMENT\Project\Shiitake\client\node_modules\react-dom\cjs\react-dom-client.development.js:15439:11)
          at commitPassiveMountOnFiber (C:\Users\ejaso\Documents\SCHOOL\YEAR 3\SEM 2\CSCI 
42\ASSESSMENT\Project\Shiitake\client\node_modules\react-dom\cjs\react-dom-client.development.js:15718:11)
          at recursivelyTraversePassiveMountEffects (C:\Users\ejaso\Documents\SCHOOL\YEAR 3\SEM 2\CSCI 
42\ASSESSMENT\Project\Shiitake\client\node_modules\react-dom\cjs\react-dom-client.development.js:15439:11)
          at commitPassiveMountOnFiber (C:\Users\ejaso\Documents\SCHOOL\YEAR 3\SEM 2\CSCI 
42\ASSESSMENT\Project\Shiitake\client\node_modules\react-dom\cjs\react-dom-client.development.js:15476:11)
          at recursivelyTraversePassiveMountEffects (C:\Users\ejaso\Documents\SCHOOL\YEAR 3\SEM 2\CSCI 
42\ASSESSMENT\Project\Shiitake\client\node_modules\react-dom\cjs\react-dom-client.development.js:15439:11)
          at commitPassiveMountOnFiber (C:\Users\ejaso\Documents\SCHOOL\YEAR 3\SEM 2\CSCI 
42\ASSESSMENT\Project\Shiitake\client\node_modules\react-dom\cjs\react-dom-client.development.js:15476:11)
          at recursivelyTraversePassiveMountEffects (C:\Users\ejaso\Documents\SCHOOL\YEAR 3\SEM 2\CSCI 
42\ASSESSMENT\Project\Shiitake\client\node_modules\react-dom\cjs\react-dom-client.development.js:15439:11)
          at commitPassiveMountOnFiber (C:\Users\ejaso\Documents\SCHOOL\YEAR 3\SEM 2\CSCI 
42\ASSESSMENT\Project\Shiitake\client\node_modules\react-dom\cjs\react-dom-client.development.js:15519:11)
          at flushPassiveEffects (C:\Users\ejaso\Documents\SCHOOL\YEAR 3\SEM 2\CSCI 
42\ASSESSMENT\Project\Shiitake\client\node_modules\react-dom\cjs\react-dom-client.development.js:18432:9)
          at C:\Users\ejaso\Documents\SCHOOL\YEAR 3\SEM 2\CSCI 
42\ASSESSMENT\Project\Shiitake\client\node_modules\react-dom\cjs\react-dom-client.development.js:17923:15
          at flushActQueue (C:\Users\ejaso\Documents\SCHOOL\YEAR 3\SEM 2\CSCI 
42\ASSESSMENT\Project\Shiitake\client\node_modules\react\cjs\react.development.js:590:34)
          at C:\Users\ejaso\Documents\SCHOOL\YEAR 3\SEM 2\CSCI 
42\ASSESSMENT\Project\Shiitake\client\node_modules\react\cjs\react.development.js:847:21

    [0m [90m 144 |[39m     
     [90m 145 |[39m             } [36mcatch[39m (err) {
    [31m[1m>[22m[39m[90m 146 |[39m                 console[33m.[39merror([32m"Fetch error:"[39m[33m,[39m 
err)[33m;[39m
     [90m     |[39m                         [31m[1m^[22m[39m
     [90m 147 |[39m             }
     [90m 148 |[39m         }
     [90m 149 |[39m         loadCR()[33m;[39m[0m

      at loadCR (src/components/Profile.js:146:25)

    console.error
      Fetch error: Error: Unknown URL: /CRs
          at C:\Users\ejaso\Documents\SCHOOL\YEAR 3\SEM 2\CSCI 
42\ASSESSMENT\Project\Shiitake\client\src\components\Profile.test.js:28:27
          at C:\Users\ejaso\Documents\SCHOOL\YEAR 3\SEM 2\CSCI 
42\ASSESSMENT\Project\Shiitake\client\node_modules\jest-mock\build\index.js:449:39
          at C:\Users\ejaso\Documents\SCHOOL\YEAR 3\SEM 2\CSCI 
42\ASSESSMENT\Project\Shiitake\client\node_modules\jest-mock\build\index.js:457:13
          at fetch (C:\Users\ejaso\Documents\SCHOOL\YEAR 3\SEM 2\CSCI 
42\ASSESSMENT\Project\Shiitake\client\node_modules\jest-mock\build\index.js:170:19)
          at loadCR (C:\Users\ejaso\Documents\SCHOOL\YEAR 3\SEM 2\CSCI 
42\ASSESSMENT\Project\Shiitake\client\src\components\Profile.js:141:37)
          at C:\Users\ejaso\Documents\SCHOOL\YEAR 3\SEM 2\CSCI 
42\ASSESSMENT\Project\Shiitake\client\src\components\Profile.js:149:9
          at Object.react_stack_bottom_frame (C:\Users\ejaso\Documents\SCHOOL\YEAR 3\SEM 2\CSCI 
42\ASSESSMENT\Project\Shiitake\client\node_modules\react-dom\cjs\react-dom-client.development.js:25989:20)
          at runWithFiberInDEV (C:\Users\ejaso\Documents\SCHOOL\YEAR 3\SEM 2\CSCI 
42\ASSESSMENT\Project\Shiitake\client\node_modules\react-dom\cjs\react-dom-client.development.js:874:13)
          at commitHookEffectListMount (C:\Users\ejaso\Documents\SCHOOL\YEAR 3\SEM 2\CSCI 
42\ASSESSMENT\Project\Shiitake\client\node_modules\react-dom\cjs\react-dom-client.development.js:13249:29)
          at commitHookPassiveMountEffects (C:\Users\ejaso\Documents\SCHOOL\YEAR 3\SEM 2\CSCI 
42\ASSESSMENT\Project\Shiitake\client\node_modules\react-dom\cjs\react-dom-client.development.js:13336:11)
          at commitPassiveMountOnFiber (C:\Users\ejaso\Documents\SCHOOL\YEAR 3\SEM 2\CSCI 
42\ASSESSMENT\Project\Shiitake\client\node_modules\react-dom\cjs\react-dom-client.development.js:15484:13)
          at recursivelyTraversePassiveMountEffects (C:\Users\ejaso\Documents\SCHOOL\YEAR 3\SEM 2\CSCI 
42\ASSESSMENT\Project\Shiitake\client\node_modules\react-dom\cjs\react-dom-client.development.js:15439:11)
          at commitPassiveMountOnFiber (C:\Users\ejaso\Documents\SCHOOL\YEAR 3\SEM 2\CSCI 
42\ASSESSMENT\Project\Shiitake\client\node_modules\react-dom\cjs\react-dom-client.development.js:15718:11)
          at recursivelyTraversePassiveMountEffects (C:\Users\ejaso\Documents\SCHOOL\YEAR 3\SEM 2\CSCI 
42\ASSESSMENT\Project\Shiitake\client\node_modules\react-dom\cjs\react-dom-client.development.js:15439:11)
          at commitPassiveMountOnFiber (C:\Users\ejaso\Documents\SCHOOL\YEAR 3\SEM 2\CSCI 
42\ASSESSMENT\Project\Shiitake\client\node_modules\react-dom\cjs\react-dom-client.development.js:15476:11)
          at recursivelyTraversePassiveMountEffects (C:\Users\ejaso\Documents\SCHOOL\YEAR 3\SEM 2\CSCI 
42\ASSESSMENT\Project\Shiitake\client\node_modules\react-dom\cjs\react-dom-client.development.js:15439:11)
          at commitPassiveMountOnFiber (C:\Users\ejaso\Documents\SCHOOL\YEAR 3\SEM 2\CSCI 
42\ASSESSMENT\Project\Shiitake\client\node_modules\react-dom\cjs\react-dom-client.development.js:15476:11)
          at recursivelyTraversePassiveMountEffects (C:\Users\ejaso\Documents\SCHOOL\YEAR 3\SEM 2\CSCI 
42\ASSESSMENT\Project\Shiitake\client\node_modules\react-dom\cjs\react-dom-client.development.js:15439:11)
          at commitPassiveMountOnFiber (C:\Users\ejaso\Documents\SCHOOL\YEAR 3\SEM 2\CSCI 
42\ASSESSMENT\Project\Shiitake\client\node_modules\react-dom\cjs\react-dom-client.development.js:15718:11)
          at recursivelyTraversePassiveMountEffects (C:\Users\ejaso\Documents\SCHOOL\YEAR 3\SEM 2\CSCI 
42\ASSESSMENT\Project\Shiitake\client\node_modules\react-dom\cjs\react-dom-client.development.js:15439:11)
          at commitPassiveMountOnFiber (C:\Users\ejaso\Documents\SCHOOL\YEAR 3\SEM 2\CSCI 
42\ASSESSMENT\Project\Shiitake\client\node_modules\react-dom\cjs\react-dom-client.development.js:15718:11)
          at recursivelyTraversePassiveMountEffects (C:\Users\ejaso\Documents\SCHOOL\YEAR 3\SEM 2\CSCI 
42\ASSESSMENT\Project\Shiitake\client\node_modules\react-dom\cjs\react-dom-client.development.js:15439:11)
          at commitPassiveMountOnFiber (C:\Users\ejaso\Documents\SCHOOL\YEAR 3\SEM 2\CSCI 
42\ASSESSMENT\Project\Shiitake\client\node_modules\react-dom\cjs\react-dom-client.development.js:15476:11)
          at recursivelyTraversePassiveMountEffects (C:\Users\ejaso\Documents\SCHOOL\YEAR 3\SEM 2\CSCI 
42\ASSESSMENT\Project\Shiitake\client\node_modules\react-dom\cjs\react-dom-client.development.js:15439:11)
          at commitPassiveMountOnFiber (C:\Users\ejaso\Documents\SCHOOL\YEAR 3\SEM 2\CSCI 
42\ASSESSMENT\Project\Shiitake\client\node_modules\react-dom\cjs\react-dom-client.development.js:15476:11)
          at recursivelyTraversePassiveMountEffects (C:\Users\ejaso\Documents\SCHOOL\YEAR 3\SEM 2\CSCI 
42\ASSESSMENT\Project\Shiitake\client\node_modules\react-dom\cjs\react-dom-client.development.js:15439:11)
          at commitPassiveMountOnFiber (C:\Users\ejaso\Documents\SCHOOL\YEAR 3\SEM 2\CSCI 
42\ASSESSMENT\Project\Shiitake\client\node_modules\react-dom\cjs\react-dom-client.development.js:15519:11)
          at flushPassiveEffects (C:\Users\ejaso\Documents\SCHOOL\YEAR 3\SEM 2\CSCI 
42\ASSESSMENT\Project\Shiitake\client\node_modules\react-dom\cjs\react-dom-client.development.js:18432:9)
          at C:\Users\ejaso\Documents\SCHOOL\YEAR 3\SEM 2\CSCI 
42\ASSESSMENT\Project\Shiitake\client\node_modules\react-dom\cjs\react-dom-client.development.js:17923:15
          at flushActQueue (C:\Users\ejaso\Documents\SCHOOL\YEAR 3\SEM 2\CSCI 
42\ASSESSMENT\Project\Shiitake\client\node_modules\react\cjs\react.development.js:590:34)
          at C:\Users\ejaso\Documents\SCHOOL\YEAR 3\SEM 2\CSCI 
42\ASSESSMENT\Project\Shiitake\client\node_modules\react\cjs\react.development.js:847:21

    [0m [90m 144 |[39m     
     [90m 145 |[39m             } [36mcatch[39m (err) {
    [31m[1m>[22m[39m[90m 146 |[39m                 console[33m.[39merror([32m"Fetch error:"[39m[33m,[39m 
err)[33m;[39m
     [90m     |[39m                         [31m[1m^[22m[39m
     [90m 147 |[39m             }
     [90m 148 |[39m         }
     [90m 149 |[39m         loadCR()[33m;[39m[0m

      at loadCR (src/components/Profile.js:146:25)

    console.error
      Fetch error: Error: Unknown URL: /CRs
          at C:\Users\ejaso\Documents\SCHOOL\YEAR 3\SEM 2\CSCI 
42\ASSESSMENT\Project\Shiitake\client\src\components\Profile.test.js:28:27
          at C:\Users\ejaso\Documents\SCHOOL\YEAR 3\SEM 2\CSCI 
42\ASSESSMENT\Project\Shiitake\client\node_modules\jest-mock\build\index.js:449:39
          at C:\Users\ejaso\Documents\SCHOOL\YEAR 3\SEM 2\CSCI 
42\ASSESSMENT\Project\Shiitake\client\node_modules\jest-mock\build\index.js:457:13
          at fetch (C:\Users\ejaso\Documents\SCHOOL\YEAR 3\SEM 2\CSCI 
42\ASSESSMENT\Project\Shiitake\client\node_modules\jest-mock\build\index.js:170:19)
          at loadCR (C:\Users\ejaso\Documents\SCHOOL\YEAR 3\SEM 2\CSCI 
42\ASSESSMENT\Project\Shiitake\client\src\components\Profile.js:141:37)
          at C:\Users\ejaso\Documents\SCHOOL\YEAR 3\SEM 2\CSCI 
42\ASSESSMENT\Project\Shiitake\client\src\components\Profile.js:149:9
          at Object.react_stack_bottom_frame (C:\Users\ejaso\Documents\SCHOOL\YEAR 3\SEM 2\CSCI 
42\ASSESSMENT\Project\Shiitake\client\node_modules\react-dom\cjs\react-dom-client.development.js:25989:20)
          at runWithFiberInDEV (C:\Users\ejaso\Documents\SCHOOL\YEAR 3\SEM 2\CSCI 
42\ASSESSMENT\Project\Shiitake\client\node_modules\react-dom\cjs\react-dom-client.development.js:874:13)
          at commitHookEffectListMount (C:\Users\ejaso\Documents\SCHOOL\YEAR 3\SEM 2\CSCI 
42\ASSESSMENT\Project\Shiitake\client\node_modules\react-dom\cjs\react-dom-client.development.js:13249:29)
          at commitHookPassiveMountEffects (C:\Users\ejaso\Documents\SCHOOL\YEAR 3\SEM 2\CSCI 
42\ASSESSMENT\Project\Shiitake\client\node_modules\react-dom\cjs\react-dom-client.development.js:13336:11)
          at commitPassiveMountOnFiber (C:\Users\ejaso\Documents\SCHOOL\YEAR 3\SEM 2\CSCI 
42\ASSESSMENT\Project\Shiitake\client\node_modules\react-dom\cjs\react-dom-client.development.js:15484:13)
          at recursivelyTraversePassiveMountEffects (C:\Users\ejaso\Documents\SCHOOL\YEAR 3\SEM 2\CSCI 
42\ASSESSMENT\Project\Shiitake\client\node_modules\react-dom\cjs\react-dom-client.development.js:15439:11)
          at commitPassiveMountOnFiber (C:\Users\ejaso\Documents\SCHOOL\YEAR 3\SEM 2\CSCI 
42\ASSESSMENT\Project\Shiitake\client\node_modules\react-dom\cjs\react-dom-client.development.js:15718:11)
          at recursivelyTraversePassiveMountEffects (C:\Users\ejaso\Documents\SCHOOL\YEAR 3\SEM 2\CSCI 
42\ASSESSMENT\Project\Shiitake\client\node_modules\react-dom\cjs\react-dom-client.development.js:15439:11)
          at commitPassiveMountOnFiber (C:\Users\ejaso\Documents\SCHOOL\YEAR 3\SEM 2\CSCI 
42\ASSESSMENT\Project\Shiitake\client\node_modules\react-dom\cjs\react-dom-client.development.js:15476:11)
          at recursivelyTraversePassiveMountEffects (C:\Users\ejaso\Documents\SCHOOL\YEAR 3\SEM 2\CSCI 
42\ASSESSMENT\Project\Shiitake\client\node_modules\react-dom\cjs\react-dom-client.development.js:15439:11)
          at commitPassiveMountOnFiber (C:\Users\ejaso\Documents\SCHOOL\YEAR 3\SEM 2\CSCI 
42\ASSESSMENT\Project\Shiitake\client\node_modules\react-dom\cjs\react-dom-client.development.js:15476:11)
          at recursivelyTraversePassiveMountEffects (C:\Users\ejaso\Documents\SCHOOL\YEAR 3\SEM 2\CSCI 
42\ASSESSMENT\Project\Shiitake\client\node_modules\react-dom\cjs\react-dom-client.development.js:15439:11)
          at commitPassiveMountOnFiber (C:\Users\ejaso\Documents\SCHOOL\YEAR 3\SEM 2\CSCI 
42\ASSESSMENT\Project\Shiitake\client\node_modules\react-dom\cjs\react-dom-client.development.js:15718:11)
          at recursivelyTraversePassiveMountEffects (C:\Users\ejaso\Documents\SCHOOL\YEAR 3\SEM 2\CSCI 
42\ASSESSMENT\Project\Shiitake\client\node_modules\react-dom\cjs\react-dom-client.development.js:15439:11)
          at commitPassiveMountOnFiber (C:\Users\ejaso\Documents\SCHOOL\YEAR 3\SEM 2\CSCI 
42\ASSESSMENT\Project\Shiitake\client\node_modules\react-dom\cjs\react-dom-client.development.js:15718:11)
          at recursivelyTraversePassiveMountEffects (C:\Users\ejaso\Documents\SCHOOL\YEAR 3\SEM 2\CSCI 
42\ASSESSMENT\Project\Shiitake\client\node_modules\react-dom\cjs\react-dom-client.development.js:15439:11)
          at commitPassiveMountOnFiber (C:\Users\ejaso\Documents\SCHOOL\YEAR 3\SEM 2\CSCI 
42\ASSESSMENT\Project\Shiitake\client\node_modules\react-dom\cjs\react-dom-client.development.js:15476:11)
          at recursivelyTraversePassiveMountEffects (C:\Users\ejaso\Documents\SCHOOL\YEAR 3\SEM 2\CSCI 
42\ASSESSMENT\Project\Shiitake\client\node_modules\react-dom\cjs\react-dom-client.development.js:15439:11)
          at commitPassiveMountOnFiber (C:\Users\ejaso\Documents\SCHOOL\YEAR 3\SEM 2\CSCI 
42\ASSESSMENT\Project\Shiitake\client\node_modules\react-dom\cjs\react-dom-client.development.js:15476:11)
          at recursivelyTraversePassiveMountEffects (C:\Users\ejaso\Documents\SCHOOL\YEAR 3\SEM 2\CSCI 
42\ASSESSMENT\Project\Shiitake\client\node_modules\react-dom\cjs\react-dom-client.development.js:15439:11)
          at commitPassiveMountOnFiber (C:\Users\ejaso\Documents\SCHOOL\YEAR 3\SEM 2\CSCI 
42\ASSESSMENT\Project\Shiitake\client\node_modules\react-dom\cjs\react-dom-client.development.js:15519:11)
          at flushPassiveEffects (C:\Users\ejaso\Documents\SCHOOL\YEAR 3\SEM 2\CSCI 
42\ASSESSMENT\Project\Shiitake\client\node_modules\react-dom\cjs\react-dom-client.development.js:18432:9)
          at C:\Users\ejaso\Documents\SCHOOL\YEAR 3\SEM 2\CSCI 
42\ASSESSMENT\Project\Shiitake\client\node_modules\react-dom\cjs\react-dom-client.development.js:17923:15
          at flushActQueue (C:\Users\ejaso\Documents\SCHOOL\YEAR 3\SEM 2\CSCI 
42\ASSESSMENT\Project\Shiitake\client\node_modules\react\cjs\react.development.js:590:34)
          at C:\Users\ejaso\Documents\SCHOOL\YEAR 3\SEM 2\CSCI 
42\ASSESSMENT\Project\Shiitake\client\node_modules\react\cjs\react.development.js:847:21

    [0m [90m 144 |[39m     
     [90m 145 |[39m             } [36mcatch[39m (err) {
    [31m[1m>[22m[39m[90m 146 |[39m                 console[33m.[39merror([32m"Fetch error:"[39m[33m,[39m 
err)[33m;[39m
     [90m     |[39m                         [31m[1m^[22m[39m
     [90m 147 |[39m             }
     [90m 148 |[39m         }
     [90m 149 |[39m         loadCR()[33m;[39m[0m

      at loadCR (src/components/Profile.js:146:25)

    console.error
      Fetch error: Error: Unknown URL: /CRs
          at C:\Users\ejaso\Documents\SCHOOL\YEAR 3\SEM 2\CSCI 
42\ASSESSMENT\Project\Shiitake\client\src\components\Profile.test.js:28:27
          at C:\Users\ejaso\Documents\SCHOOL\YEAR 3\SEM 2\CSCI 
42\ASSESSMENT\Project\Shiitake\client\node_modules\jest-mock\build\index.js:449:39
          at C:\Users\ejaso\Documents\SCHOOL\YEAR 3\SEM 2\CSCI 
42\ASSESSMENT\Project\Shiitake\client\node_modules\jest-mock\build\index.js:457:13
          at fetch (C:\Users\ejaso\Documents\SCHOOL\YEAR 3\SEM 2\CSCI 
42\ASSESSMENT\Project\Shiitake\client\node_modules\jest-mock\build\index.js:170:19)
          at loadCR (C:\Users\ejaso\Documents\SCHOOL\YEAR 3\SEM 2\CSCI 
42\ASSESSMENT\Project\Shiitake\client\src\components\Profile.js:141:37)
          at C:\Users\ejaso\Documents\SCHOOL\YEAR 3\SEM 2\CSCI 
42\ASSESSMENT\Project\Shiitake\client\src\components\Profile.js:149:9
          at Object.react_stack_bottom_frame (C:\Users\ejaso\Documents\SCHOOL\YEAR 3\SEM 2\CSCI 
42\ASSESSMENT\Project\Shiitake\client\node_modules\react-dom\cjs\react-dom-client.development.js:25989:20)
          at runWithFiberInDEV (C:\Users\ejaso\Documents\SCHOOL\YEAR 3\SEM 2\CSCI 
42\ASSESSMENT\Project\Shiitake\client\node_modules\react-dom\cjs\react-dom-client.development.js:874:13)
          at commitHookEffectListMount (C:\Users\ejaso\Documents\SCHOOL\YEAR 3\SEM 2\CSCI 
42\ASSESSMENT\Project\Shiitake\client\node_modules\react-dom\cjs\react-dom-client.development.js:13249:29)
          at commitHookPassiveMountEffects (C:\Users\ejaso\Documents\SCHOOL\YEAR 3\SEM 2\CSCI 
42\ASSESSMENT\Project\Shiitake\client\node_modules\react-dom\cjs\react-dom-client.development.js:13336:11)
          at commitPassiveMountOnFiber (C:\Users\ejaso\Documents\SCHOOL\YEAR 3\SEM 2\CSCI 
42\ASSESSMENT\Project\Shiitake\client\node_modules\react-dom\cjs\react-dom-client.development.js:15484:13)
          at recursivelyTraversePassiveMountEffects (C:\Users\ejaso\Documents\SCHOOL\YEAR 3\SEM 2\CSCI 
42\ASSESSMENT\Project\Shiitake\client\node_modules\react-dom\cjs\react-dom-client.development.js:15439:11)
          at commitPassiveMountOnFiber (C:\Users\ejaso\Documents\SCHOOL\YEAR 3\SEM 2\CSCI 
42\ASSESSMENT\Project\Shiitake\client\node_modules\react-dom\cjs\react-dom-client.development.js:15718:11)
          at recursivelyTraversePassiveMountEffects (C:\Users\ejaso\Documents\SCHOOL\YEAR 3\SEM 2\CSCI 
42\ASSESSMENT\Project\Shiitake\client\node_modules\react-dom\cjs\react-dom-client.development.js:15439:11)
          at commitPassiveMountOnFiber (C:\Users\ejaso\Documents\SCHOOL\YEAR 3\SEM 2\CSCI 
42\ASSESSMENT\Project\Shiitake\client\node_modules\react-dom\cjs\react-dom-client.development.js:15476:11)
          at recursivelyTraversePassiveMountEffects (C:\Users\ejaso\Documents\SCHOOL\YEAR 3\SEM 2\CSCI 
42\ASSESSMENT\Project\Shiitake\client\node_modules\react-dom\cjs\react-dom-client.development.js:15439:11)
          at commitPassiveMountOnFiber (C:\Users\ejaso\Documents\SCHOOL\YEAR 3\SEM 2\CSCI 
42\ASSESSMENT\Project\Shiitake\client\node_modules\react-dom\cjs\react-dom-client.development.js:15476:11)
          at recursivelyTraversePassiveMountEffects (C:\Users\ejaso\Documents\SCHOOL\YEAR 3\SEM 2\CSCI 
42\ASSESSMENT\Project\Shiitake\client\node_modules\react-dom\cjs\react-dom-client.development.js:15439:11)
          at commitPassiveMountOnFiber (C:\Users\ejaso\Documents\SCHOOL\YEAR 3\SEM 2\CSCI 
42\ASSESSMENT\Project\Shiitake\client\node_modules\react-dom\cjs\react-dom-client.development.js:15718:11)
          at recursivelyTraversePassiveMountEffects (C:\Users\ejaso\Documents\SCHOOL\YEAR 3\SEM 2\CSCI 
42\ASSESSMENT\Project\Shiitake\client\node_modules\react-dom\cjs\react-dom-client.development.js:15439:11)
          at commitPassiveMountOnFiber (C:\Users\ejaso\Documents\SCHOOL\YEAR 3\SEM 2\CSCI 
42\ASSESSMENT\Project\Shiitake\client\node_modules\react-dom\cjs\react-dom-client.development.js:15718:11)
          at recursivelyTraversePassiveMountEffects (C:\Users\ejaso\Documents\SCHOOL\YEAR 3\SEM 2\CSCI 
42\ASSESSMENT\Project\Shiitake\client\node_modules\react-dom\cjs\react-dom-client.development.js:15439:11)
          at commitPassiveMountOnFiber (C:\Users\ejaso\Documents\SCHOOL\YEAR 3\SEM 2\CSCI 
42\ASSESSMENT\Project\Shiitake\client\node_modules\react-dom\cjs\react-dom-client.development.js:15476:11)
          at recursivelyTraversePassiveMountEffects (C:\Users\ejaso\Documents\SCHOOL\YEAR 3\SEM 2\CSCI 
42\ASSESSMENT\Project\Shiitake\client\node_modules\react-dom\cjs\react-dom-client.development.js:15439:11)
          at commitPassiveMountOnFiber (C:\Users\ejaso\Documents\SCHOOL\YEAR 3\SEM 2\CSCI 
42\ASSESSMENT\Project\Shiitake\client\node_modules\react-dom\cjs\react-dom-client.development.js:15476:11)
          at recursivelyTraversePassiveMountEffects (C:\Users\ejaso\Documents\SCHOOL\YEAR 3\SEM 2\CSCI 
42\ASSESSMENT\Project\Shiitake\client\node_modules\react-dom\cjs\react-dom-client.development.js:15439:11)
          at commitPassiveMountOnFiber (C:\Users\ejaso\Documents\SCHOOL\YEAR 3\SEM 2\CSCI 
42\ASSESSMENT\Project\Shiitake\client\node_modules\react-dom\cjs\react-dom-client.development.js:15519:11)
          at flushPassiveEffects (C:\Users\ejaso\Documents\SCHOOL\YEAR 3\SEM 2\CSCI 
42\ASSESSMENT\Project\Shiitake\client\node_modules\react-dom\cjs\react-dom-client.development.js:18432:9)
          at C:\Users\ejaso\Documents\SCHOOL\YEAR 3\SEM 2\CSCI 
42\ASSESSMENT\Project\Shiitake\client\node_modules\react-dom\cjs\react-dom-client.development.js:17923:15
          at flushActQueue (C:\Users\ejaso\Documents\SCHOOL\YEAR 3\SEM 2\CSCI 
42\ASSESSMENT\Project\Shiitake\client\node_modules\react\cjs\react.development.js:590:34)
          at C:\Users\ejaso\Documents\SCHOOL\YEAR 3\SEM 2\CSCI 
42\ASSESSMENT\Project\Shiitake\client\node_modules\react\cjs\react.development.js:847:21

    [0m [90m 144 |[39m     
     [90m 145 |[39m             } [36mcatch[39m (err) {
    [31m[1m>[22m[39m[90m 146 |[39m                 console[33m.[39merror([32m"Fetch error:"[39m[33m,[39m 
err)[33m;[39m
     [90m     |[39m                         [31m[1m^[22m[39m
     [90m 147 |[39m             }
     [90m 148 |[39m         }
     [90m 149 |[39m         loadCR()[33m;[39m[0m

      at loadCR (src/components/Profile.js:146:25)

    console.error
      Fetch error: Error: Unknown URL: /CRs
          at C:\Users\ejaso\Documents\SCHOOL\YEAR 3\SEM 2\CSCI 
42\ASSESSMENT\Project\Shiitake\client\src\components\Profile.test.js:28:27
          at C:\Users\ejaso\Documents\SCHOOL\YEAR 3\SEM 2\CSCI 
42\ASSESSMENT\Project\Shiitake\client\node_modules\jest-mock\build\index.js:449:39
          at C:\Users\ejaso\Documents\SCHOOL\YEAR 3\SEM 2\CSCI 
42\ASSESSMENT\Project\Shiitake\client\node_modules\jest-mock\build\index.js:457:13
          at fetch (C:\Users\ejaso\Documents\SCHOOL\YEAR 3\SEM 2\CSCI 
42\ASSESSMENT\Project\Shiitake\client\node_modules\jest-mock\build\index.js:170:19)
          at loadCR (C:\Users\ejaso\Documents\SCHOOL\YEAR 3\SEM 2\CSCI 
42\ASSESSMENT\Project\Shiitake\client\src\components\Profile.js:141:37)
          at C:\Users\ejaso\Documents\SCHOOL\YEAR 3\SEM 2\CSCI 
42\ASSESSMENT\Project\Shiitake\client\src\components\Profile.js:149:9
          at Object.react_stack_bottom_frame (C:\Users\ejaso\Documents\SCHOOL\YEAR 3\SEM 2\CSCI 
42\ASSESSMENT\Project\Shiitake\client\node_modules\react-dom\cjs\react-dom-client.development.js:25989:20)
          at runWithFiberInDEV (C:\Users\ejaso\Documents\SCHOOL\YEAR 3\SEM 2\CSCI 
42\ASSESSMENT\Project\Shiitake\client\node_modules\react-dom\cjs\react-dom-client.development.js:874:13)
          at commitHookEffectListMount (C:\Users\ejaso\Documents\SCHOOL\YEAR 3\SEM 2\CSCI 
42\ASSESSMENT\Project\Shiitake\client\node_modules\react-dom\cjs\react-dom-client.development.js:13249:29)
          at commitHookPassiveMountEffects (C:\Users\ejaso\Documents\SCHOOL\YEAR 3\SEM 2\CSCI 
42\ASSESSMENT\Project\Shiitake\client\node_modules\react-dom\cjs\react-dom-client.development.js:13336:11)
          at commitPassiveMountOnFiber (C:\Users\ejaso\Documents\SCHOOL\YEAR 3\SEM 2\CSCI 
42\ASSESSMENT\Project\Shiitake\client\node_modules\react-dom\cjs\react-dom-client.development.js:15484:13)
          at recursivelyTraversePassiveMountEffects (C:\Users\ejaso\Documents\SCHOOL\YEAR 3\SEM 2\CSCI 
42\ASSESSMENT\Project\Shiitake\client\node_modules\react-dom\cjs\react-dom-client.development.js:15439:11)
          at commitPassiveMountOnFiber (C:\Users\ejaso\Documents\SCHOOL\YEAR 3\SEM 2\CSCI 
42\ASSESSMENT\Project\Shiitake\client\node_modules\react-dom\cjs\react-dom-client.development.js:15718:11)
          at recursivelyTraversePassiveMountEffects (C:\Users\ejaso\Documents\SCHOOL\YEAR 3\SEM 2\CSCI 
42\ASSESSMENT\Project\Shiitake\client\node_modules\react-dom\cjs\react-dom-client.development.js:15439:11)
          at commitPassiveMountOnFiber (C:\Users\ejaso\Documents\SCHOOL\YEAR 3\SEM 2\CSCI 
42\ASSESSMENT\Project\Shiitake\client\node_modules\react-dom\cjs\react-dom-client.development.js:15476:11)
          at recursivelyTraversePassiveMountEffects (C:\Users\ejaso\Documents\SCHOOL\YEAR 3\SEM 2\CSCI 
42\ASSESSMENT\Project\Shiitake\client\node_modules\react-dom\cjs\react-dom-client.development.js:15439:11)
          at commitPassiveMountOnFiber (C:\Users\ejaso\Documents\SCHOOL\YEAR 3\SEM 2\CSCI 
42\ASSESSMENT\Project\Shiitake\client\node_modules\react-dom\cjs\react-dom-client.development.js:15476:11)
          at recursivelyTraversePassiveMountEffects (C:\Users\ejaso\Documents\SCHOOL\YEAR 3\SEM 2\CSCI 
42\ASSESSMENT\Project\Shiitake\client\node_modules\react-dom\cjs\react-dom-client.development.js:15439:11)
          at commitPassiveMountOnFiber (C:\Users\ejaso\Documents\SCHOOL\YEAR 3\SEM 2\CSCI 
42\ASSESSMENT\Project\Shiitake\client\node_modules\react-dom\cjs\react-dom-client.development.js:15718:11)
          at recursivelyTraversePassiveMountEffects (C:\Users\ejaso\Documents\SCHOOL\YEAR 3\SEM 2\CSCI 
42\ASSESSMENT\Project\Shiitake\client\node_modules\react-dom\cjs\react-dom-client.development.js:15439:11)
          at commitPassiveMountOnFiber (C:\Users\ejaso\Documents\SCHOOL\YEAR 3\SEM 2\CSCI 
42\ASSESSMENT\Project\Shiitake\client\node_modules\react-dom\cjs\react-dom-client.development.js:15718:11)
          at recursivelyTraversePassiveMountEffects (C:\Users\ejaso\Documents\SCHOOL\YEAR 3\SEM 2\CSCI 
42\ASSESSMENT\Project\Shiitake\client\node_modules\react-dom\cjs\react-dom-client.development.js:15439:11)
          at commitPassiveMountOnFiber (C:\Users\ejaso\Documents\SCHOOL\YEAR 3\SEM 2\CSCI 
42\ASSESSMENT\Project\Shiitake\client\node_modules\react-dom\cjs\react-dom-client.development.js:15476:11)
          at recursivelyTraversePassiveMountEffects (C:\Users\ejaso\Documents\SCHOOL\YEAR 3\SEM 2\CSCI 
42\ASSESSMENT\Project\Shiitake\client\node_modules\react-dom\cjs\react-dom-client.development.js:15439:11)
          at commitPassiveMountOnFiber (C:\Users\ejaso\Documents\SCHOOL\YEAR 3\SEM 2\CSCI 
42\ASSESSMENT\Project\Shiitake\client\node_modules\react-dom\cjs\react-dom-client.development.js:15476:11)
          at recursivelyTraversePassiveMountEffects (C:\Users\ejaso\Documents\SCHOOL\YEAR 3\SEM 2\CSCI 
42\ASSESSMENT\Project\Shiitake\client\node_modules\react-dom\cjs\react-dom-client.development.js:15439:11)
          at commitPassiveMountOnFiber (C:\Users\ejaso\Documents\SCHOOL\YEAR 3\SEM 2\CSCI 
42\ASSESSMENT\Project\Shiitake\client\node_modules\react-dom\cjs\react-dom-client.development.js:15519:11)
          at flushPassiveEffects (C:\Users\ejaso\Documents\SCHOOL\YEAR 3\SEM 2\CSCI 
42\ASSESSMENT\Project\Shiitake\client\node_modules\react-dom\cjs\react-dom-client.development.js:18432:9)
          at C:\Users\ejaso\Documents\SCHOOL\YEAR 3\SEM 2\CSCI 
42\ASSESSMENT\Project\Shiitake\client\node_modules\react-dom\cjs\react-dom-client.development.js:17923:15
          at flushActQueue (C:\Users\ejaso\Documents\SCHOOL\YEAR 3\SEM 2\CSCI 
42\ASSESSMENT\Project\Shiitake\client\node_modules\react\cjs\react.development.js:590:34)
          at C:\Users\ejaso\Documents\SCHOOL\YEAR 3\SEM 2\CSCI 
42\ASSESSMENT\Project\Shiitake\client\node_modules\react\cjs\react.development.js:847:21

    [0m [90m 144 |[39m     
     [90m 145 |[39m             } [36mcatch[39m (err) {
    [31m[1m>[22m[39m[90m 146 |[39m                 console[33m.[39merror([32m"Fetch error:"[39m[33m,[39m 
err)[33m;[39m
     [90m     |[39m                         [31m[1m^[22m[39m
     [90m 147 |[39m             }
     [90m 148 |[39m         }
     [90m 149 |[39m         loadCR()[33m;[39m[0m

      at loadCR (src/components/Profile.js:146:25)

  ΓùÅ Profile page ΓÇ║ Review History and Statistics ΓÇ║ calculates All-Time and Monthly statistics correctly for 
multiple reviews

    TypeError: Cannot read properties of undefined (reading 'name')

    [0m [90m 439 |[39m                                         
style[33m=[39m{pillBtn([32m'#e3f2fd'[39m[33m,[39m [32m'#1565c0'[39m)}
     [90m 440 |[39m                                     [33m>[39m
    [31m[1m>[22m[39m[90m 441 |[39m                                         {(crs[33m.[39mfind(c [33m=>[39m 
[33mString[39m(c[33m.[39mid) [33m===[39m [33mString[39m(review[33m.[39m[33mCRId[39m))[33m.[39mname)}
     [90m     |[39m                                                                                              
[31m[1m^[22m[39m
     [90m 442 |[39m                                     [33m<[39m[33m/[39m[33mbutton[39m[33m>[39m
     [90m 443 |[39m                                     [33m<[39m[33mReviewCard[39m
     [90m 444 |[39m                                         key[33m=[39m{review[33m.[39mid}[0m

      at map (src/components/Profile.js:441:94)
          at Array.map (<anonymous>)
      at Profile (src/components/Profile.js:435:30)
      at Object.react_stack_bottom_frame (node_modules/react-dom/cjs/react-dom-client.development.js:25904:20)
      at renderWithHooks (node_modules/react-dom/cjs/react-dom-client.development.js:7662:22)
      at updateFunctionComponent (node_modules/react-dom/cjs/react-dom-client.development.js:10166:19)
      at beginWork (node_modules/react-dom/cjs/react-dom-client.development.js:11778:18)
      at runWithFiberInDEV (node_modules/react-dom/cjs/react-dom-client.development.js:874:13)
      at performUnitOfWork (node_modules/react-dom/cjs/react-dom-client.development.js:17641:22)
      at workLoopSync (node_modules/react-dom/cjs/react-dom-client.development.js:17469:41)
      at renderRootSync (node_modules/react-dom/cjs/react-dom-client.development.js:17450:11)
      at performWorkOnRoot (node_modules/react-dom/cjs/react-dom-client.development.js:16583:35)
      at performWorkOnRootViaSchedulerTask (node_modules/react-dom/cjs/react-dom-client.development.js:18957:7)
      at flushActQueue (node_modules/react/cjs/react.development.js:590:34)
      at recursivelyFlushAsyncActWork (node_modules/react/cjs/react.development.js:566:13)
      at Immediate.<anonymous> (node_modules/react/cjs/react.development.js:849:32)

  ΓùÅ Profile page ΓÇ║ Review History and Statistics ΓÇ║ removes a review locally when the Delete button is clicked 
and confirmed

    TypeError: Cannot read properties of undefined (reading 'name')

    [0m [90m 439 |[39m                                         
style[33m=[39m{pillBtn([32m'#e3f2fd'[39m[33m,[39m [32m'#1565c0'[39m)}
     [90m 440 |[39m                                     [33m>[39m
    [31m[1m>[22m[39m[90m 441 |[39m                                         {(crs[33m.[39mfind(c [33m=>[39m 
[33mString[39m(c[33m.[39mid) [33m===[39m [33mString[39m(review[33m.[39m[33mCRId[39m))[33m.[39mname)}
     [90m     |[39m                                                                                              
[31m[1m^[22m[39m
     [90m 442 |[39m                                     [33m<[39m[33m/[39m[33mbutton[39m[33m>[39m
     [90m 443 |[39m                                     [33m<[39m[33mReviewCard[39m
     [90m 444 |[39m                                         key[33m=[39m{review[33m.[39mid}[0m

      at map (src/components/Profile.js:441:94)
          at Array.map (<anonymous>)
      at Profile (src/components/Profile.js:435:30)
      at Object.react_stack_bottom_frame (node_modules/react-dom/cjs/react-dom-client.development.js:25904:20)
      at renderWithHooks (node_modules/react-dom/cjs/react-dom-client.development.js:7662:22)
      at updateFunctionComponent (node_modules/react-dom/cjs/react-dom-client.development.js:10166:19)
      at beginWork (node_modules/react-dom/cjs/react-dom-client.development.js:11778:18)
      at runWithFiberInDEV (node_modules/react-dom/cjs/react-dom-client.development.js:874:13)
      at performUnitOfWork (node_modules/react-dom/cjs/react-dom-client.development.js:17641:22)
      at workLoopSync (node_modules/react-dom/cjs/react-dom-client.development.js:17469:41)
      at renderRootSync (node_modules/react-dom/cjs/react-dom-client.development.js:17450:11)
      at performWorkOnRoot (node_modules/react-dom/cjs/react-dom-client.development.js:16583:35)
      at performWorkOnRootViaSchedulerTask (node_modules/react-dom/cjs/react-dom-client.development.js:18957:7)
      at flushActQueue (node_modules/react/cjs/react.development.js:590:34)
      at recursivelyFlushAsyncActWork (node_modules/react/cjs/react.development.js:566:13)
      at Immediate.<anonymous> (node_modules/react/cjs/react.development.js:849:32)

  ΓùÅ Profile page ΓÇ║ Review History and Statistics ΓÇ║ hides a review locally when the Report button is clicked

    TypeError: Cannot read properties of undefined (reading 'name')

    [0m [90m 439 |[39m                                         
style[33m=[39m{pillBtn([32m'#e3f2fd'[39m[33m,[39m [32m'#1565c0'[39m)}
     [90m 440 |[39m                                     [33m>[39m
    [31m[1m>[22m[39m[90m 441 |[39m                                         {(crs[33m.[39mfind(c [33m=>[39m 
[33mString[39m(c[33m.[39mid) [33m===[39m [33mString[39m(review[33m.[39m[33mCRId[39m))[33m.[39mname)}
     [90m     |[39m                                                                                              
[31m[1m^[22m[39m
     [90m 442 |[39m                                     [33m<[39m[33m/[39m[33mbutton[39m[33m>[39m
     [90m 443 |[39m                                     [33m<[39m[33mReviewCard[39m
     [90m 444 |[39m                                         key[33m=[39m{review[33m.[39mid}[0m

      at map (src/components/Profile.js:441:94)
          at Array.map (<anonymous>)
      at Profile (src/components/Profile.js:435:30)
      at Object.react_stack_bottom_frame (node_modules/react-dom/cjs/react-dom-client.development.js:25904:20)
      at renderWithHooks (node_modules/react-dom/cjs/react-dom-client.development.js:7662:22)
      at updateFunctionComponent (node_modules/react-dom/cjs/react-dom-client.development.js:10166:19)
      at beginWork (node_modules/react-dom/cjs/react-dom-client.development.js:11778:18)
      at runWithFiberInDEV (node_modules/react-dom/cjs/react-dom-client.development.js:874:13)
      at performUnitOfWork (node_modules/react-dom/cjs/react-dom-client.development.js:17641:22)
      at workLoopSync (node_modules/react-dom/cjs/react-dom-client.development.js:17469:41)
      at renderRootSync (node_modules/react-dom/cjs/react-dom-client.development.js:17450:11)
      at performWorkOnRoot (node_modules/react-dom/cjs/react-dom-client.development.js:16583:35)
      at performWorkOnRootViaSchedulerTask (node_modules/react-dom/cjs/react-dom-client.development.js:18957:7)
      at flushActQueue (node_modules/react/cjs/react.development.js:590:34)
      at recursivelyFlushAsyncActWork (node_modules/react/cjs/react.development.js:566:13)
      at Immediate.<anonymous> (node_modules/react/cjs/react.development.js:849:32)

FAIL src/components/Leaderboard/Leaderboard.test.js
  ΓùÅ Leaderboard filter panel ΓÇ║ shows the FilterPanel when "Filter Restrooms" button is clicked

    TypeError: Cannot read properties of undefined (reading 'watchPosition')

    [0m [90m  98 |[39m
     [90m  99 |[39m     [90m// location tracking[39m
    [31m[1m>[22m[39m[90m 100 |[39m     [36mconst[39m watchId [33m=[39m 
navigator[33m.[39mgeolocation[33m.[39mwatchPosition(
     [90m     |[39m                                           [31m[1m^[22m[39m
     [90m 101 |[39m       (pos) [33m=>[39m {
     [90m 102 |[39m         [36mconst[39m coords [33m=[39m [pos[33m.[39mcoords[33m.[39mlatitude[33m,[39m 
pos[33m.[39mcoords[33m.[39mlongitude][33m;[39m
     [90m 103 |[39m         [36mif[39m ([33mDate[39m[33m.[39mnow() [33m-[39m lastUpdateRef[33m.[39mcurrent 
[33m>[39m [35m2000[39m) {[0m

      at src/components/Leaderboard/index.jsx:100:43
      at Object.react_stack_bottom_frame (node_modules/react-dom/cjs/react-dom-client.development.js:25989:20)
      at runWithFiberInDEV (node_modules/react-dom/cjs/react-dom-client.development.js:874:13)
      at commitHookEffectListMount (node_modules/react-dom/cjs/react-dom-client.development.js:13249:29)
      at commitHookPassiveMountEffects (node_modules/react-dom/cjs/react-dom-client.development.js:13336:11)
      at commitPassiveMountOnFiber (node_modules/react-dom/cjs/react-dom-client.development.js:15484:13)
      at recursivelyTraversePassiveMountEffects (node_modules/react-dom/cjs/react-dom-client.development.js:15439:11)
      at commitPassiveMountOnFiber (node_modules/react-dom/cjs/react-dom-client.development.js:15718:11)
      at recursivelyTraversePassiveMountEffects (node_modules/react-dom/cjs/react-dom-client.development.js:15439:11)
      at commitPassiveMountOnFiber (node_modules/react-dom/cjs/react-dom-client.development.js:15718:11)
      at recursivelyTraversePassiveMountEffects (node_modules/react-dom/cjs/react-dom-client.development.js:15439:11)
      at commitPassiveMountOnFiber (node_modules/react-dom/cjs/react-dom-client.development.js:15476:11)
      at recursivelyTraversePassiveMountEffects (node_modules/react-dom/cjs/react-dom-client.development.js:15439:11)
      at commitPassiveMountOnFiber (node_modules/react-dom/cjs/react-dom-client.development.js:15476:11)
      at recursivelyTraversePassiveMountEffects (node_modules/react-dom/cjs/react-dom-client.development.js:15439:11)
      at commitPassiveMountOnFiber (node_modules/react-dom/cjs/react-dom-client.development.js:15519:11)
      at flushPassiveEffects (node_modules/react-dom/cjs/react-dom-client.development.js:18432:9)
      at node_modules/react-dom/cjs/react-dom-client.development.js:17923:15
      at flushActQueue (node_modules/react/cjs/react.development.js:590:34)
      at node_modules/react/cjs/react.development.js:847:21

  ΓùÅ Leaderboard filter panel ΓÇ║ hides the FilterPanel and shows results after Apply Filter is clicked

    TypeError: Cannot read properties of undefined (reading 'watchPosition')

    [0m [90m  98 |[39m
     [90m  99 |[39m     [90m// location tracking[39m
    [31m[1m>[22m[39m[90m 100 |[39m     [36mconst[39m watchId [33m=[39m 
navigator[33m.[39mgeolocation[33m.[39mwatchPosition(
     [90m     |[39m                                           [31m[1m^[22m[39m
     [90m 101 |[39m       (pos) [33m=>[39m {
     [90m 102 |[39m         [36mconst[39m coords [33m=[39m [pos[33m.[39mcoords[33m.[39mlatitude[33m,[39m 
pos[33m.[39mcoords[33m.[39mlongitude][33m;[39m
     [90m 103 |[39m         [36mif[39m ([33mDate[39m[33m.[39mnow() [33m-[39m lastUpdateRef[33m.[39mcurrent 
[33m>[39m [35m2000[39m) {[0m

      at src/components/Leaderboard/index.jsx:100:43
      at Object.react_stack_bottom_frame (node_modules/react-dom/cjs/react-dom-client.development.js:25989:20)
      at runWithFiberInDEV (node_modules/react-dom/cjs/react-dom-client.development.js:874:13)
      at commitHookEffectListMount (node_modules/react-dom/cjs/react-dom-client.development.js:13249:29)
      at commitHookPassiveMountEffects (node_modules/react-dom/cjs/react-dom-client.development.js:13336:11)
      at commitPassiveMountOnFiber (node_modules/react-dom/cjs/react-dom-client.development.js:15484:13)
      at recursivelyTraversePassiveMountEffects (node_modules/react-dom/cjs/react-dom-client.development.js:15439:11)
      at commitPassiveMountOnFiber (node_modules/react-dom/cjs/react-dom-client.development.js:15718:11)
      at recursivelyTraversePassiveMountEffects (node_modules/react-dom/cjs/react-dom-client.development.js:15439:11)
      at commitPassiveMountOnFiber (node_modules/react-dom/cjs/react-dom-client.development.js:15718:11)
      at recursivelyTraversePassiveMountEffects (node_modules/react-dom/cjs/react-dom-client.development.js:15439:11)
      at commitPassiveMountOnFiber (node_modules/react-dom/cjs/react-dom-client.development.js:15476:11)
      at recursivelyTraversePassiveMountEffects (node_modules/react-dom/cjs/react-dom-client.development.js:15439:11)
      at commitPassiveMountOnFiber (node_modules/react-dom/cjs/react-dom-client.development.js:15476:11)
      at recursivelyTraversePassiveMountEffects (node_modules/react-dom/cjs/react-dom-client.development.js:15439:11)
      at commitPassiveMountOnFiber (node_modules/react-dom/cjs/react-dom-client.development.js:15519:11)
      at flushPassiveEffects (node_modules/react-dom/cjs/react-dom-client.development.js:18432:9)
      at node_modules/react-dom/cjs/react-dom-client.development.js:17923:15
      at flushActQueue (node_modules/react/cjs/react.development.js:590:34)
      at node_modules/react/cjs/react.development.js:847:21

  ΓùÅ Leaderboard filter panel ΓÇ║ filters by building: selecting MVP hides non-MVP rows

    TypeError: Cannot read properties of undefined (reading 'watchPosition')

    [0m [90m  98 |[39m
     [90m  99 |[39m     [90m// location tracking[39m
    [31m[1m>[22m[39m[90m 100 |[39m     [36mconst[39m watchId [33m=[39m 
navigator[33m.[39mgeolocation[33m.[39mwatchPosition(
     [90m     |[39m                                           [31m[1m^[22m[39m
     [90m 101 |[39m       (pos) [33m=>[39m {
     [90m 102 |[39m         [36mconst[39m coords [33m=[39m [pos[33m.[39mcoords[33m.[39mlatitude[33m,[39m 
pos[33m.[39mcoords[33m.[39mlongitude][33m;[39m
     [90m 103 |[39m         [36mif[39m ([33mDate[39m[33m.[39mnow() [33m-[39m lastUpdateRef[33m.[39mcurrent 
[33m>[39m [35m2000[39m) {[0m

      at src/components/Leaderboard/index.jsx:100:43
      at Object.react_stack_bottom_frame (node_modules/react-dom/cjs/react-dom-client.development.js:25989:20)
      at runWithFiberInDEV (node_modules/react-dom/cjs/react-dom-client.development.js:874:13)
      at commitHookEffectListMount (node_modules/react-dom/cjs/react-dom-client.development.js:13249:29)
      at commitHookPassiveMountEffects (node_modules/react-dom/cjs/react-dom-client.development.js:13336:11)
      at commitPassiveMountOnFiber (node_modules/react-dom/cjs/react-dom-client.development.js:15484:13)
      at recursivelyTraversePassiveMountEffects (node_modules/react-dom/cjs/react-dom-client.development.js:15439:11)
      at commitPassiveMountOnFiber (node_modules/react-dom/cjs/react-dom-client.development.js:15718:11)
      at recursivelyTraversePassiveMountEffects (node_modules/react-dom/cjs/react-dom-client.development.js:15439:11)
      at commitPassiveMountOnFiber (node_modules/react-dom/cjs/react-dom-client.development.js:15718:11)
      at recursivelyTraversePassiveMountEffects (node_modules/react-dom/cjs/react-dom-client.development.js:15439:11)
      at commitPassiveMountOnFiber (node_modules/react-dom/cjs/react-dom-client.development.js:15476:11)
      at recursivelyTraversePassiveMountEffects (node_modules/react-dom/cjs/react-dom-client.development.js:15439:11)
      at commitPassiveMountOnFiber (node_modules/react-dom/cjs/react-dom-client.development.js:15476:11)
      at recursivelyTraversePassiveMountEffects (node_modules/react-dom/cjs/react-dom-client.development.js:15439:11)
      at commitPassiveMountOnFiber (node_modules/react-dom/cjs/react-dom-client.development.js:15519:11)
      at flushPassiveEffects (node_modules/react-dom/cjs/react-dom-client.development.js:18432:9)
      at node_modules/react-dom/cjs/react-dom-client.development.js:17923:15
      at flushActQueue (node_modules/react/cjs/react.development.js:590:34)
      at node_modules/react/cjs/react.development.js:847:21

  ΓùÅ Leaderboard filter panel ΓÇ║ shows all rows when no amenities are selected

    TypeError: Cannot read properties of undefined (reading 'watchPosition')

    [0m [90m  98 |[39m
     [90m  99 |[39m     [90m// location tracking[39m
    [31m[1m>[22m[39m[90m 100 |[39m     [36mconst[39m watchId [33m=[39m 
navigator[33m.[39mgeolocation[33m.[39mwatchPosition(
     [90m     |[39m                                           [31m[1m^[22m[39m
     [90m 101 |[39m       (pos) [33m=>[39m {
     [90m 102 |[39m         [36mconst[39m coords [33m=[39m [pos[33m.[39mcoords[33m.[39mlatitude[33m,[39m 
pos[33m.[39mcoords[33m.[39mlongitude][33m;[39m
     [90m 103 |[39m         [36mif[39m ([33mDate[39m[33m.[39mnow() [33m-[39m lastUpdateRef[33m.[39mcurrent 
[33m>[39m [35m2000[39m) {[0m

      at src/components/Leaderboard/index.jsx:100:43
      at Object.react_stack_bottom_frame (node_modules/react-dom/cjs/react-dom-client.development.js:25989:20)
      at runWithFiberInDEV (node_modules/react-dom/cjs/react-dom-client.development.js:874:13)
      at commitHookEffectListMount (node_modules/react-dom/cjs/react-dom-client.development.js:13249:29)
      at commitHookPassiveMountEffects (node_modules/react-dom/cjs/react-dom-client.development.js:13336:11)
      at commitPassiveMountOnFiber (node_modules/react-dom/cjs/react-dom-client.development.js:15484:13)
      at recursivelyTraversePassiveMountEffects (node_modules/react-dom/cjs/react-dom-client.development.js:15439:11)
      at commitPassiveMountOnFiber (node_modules/react-dom/cjs/react-dom-client.development.js:15718:11)
      at recursivelyTraversePassiveMountEffects (node_modules/react-dom/cjs/react-dom-client.development.js:15439:11)
      at commitPassiveMountOnFiber (node_modules/react-dom/cjs/react-dom-client.development.js:15718:11)
      at recursivelyTraversePassiveMountEffects (node_modules/react-dom/cjs/react-dom-client.development.js:15439:11)
      at commitPassiveMountOnFiber (node_modules/react-dom/cjs/react-dom-client.development.js:15476:11)
      at recursivelyTraversePassiveMountEffects (node_modules/react-dom/cjs/react-dom-client.development.js:15439:11)
      at commitPassiveMountOnFiber (node_modules/react-dom/cjs/react-dom-client.development.js:15476:11)
      at recursivelyTraversePassiveMountEffects (node_modules/react-dom/cjs/react-dom-client.development.js:15439:11)
      at commitPassiveMountOnFiber (node_modules/react-dom/cjs/react-dom-client.development.js:15519:11)
      at flushPassiveEffects (node_modules/react-dom/cjs/react-dom-client.development.js:18432:9)
      at node_modules/react-dom/cjs/react-dom-client.development.js:17923:15
      at flushActQueue (node_modules/react/cjs/react.development.js:590:34)
      at node_modules/react/cjs/react.development.js:847:21

  ΓùÅ Leaderboard filter panel ΓÇ║ filters by 1 amenity (Bidet): shows only CRs that have it

    TypeError: Cannot read properties of undefined (reading 'watchPosition')

    [0m [90m  98 |[39m
     [90m  99 |[39m     [90m// location tracking[39m
    [31m[1m>[22m[39m[90m 100 |[39m     [36mconst[39m watchId [33m=[39m 
navigator[33m.[39mgeolocation[33m.[39mwatchPosition(
     [90m     |[39m                                           [31m[1m^[22m[39m
     [90m 101 |[39m       (pos) [33m=>[39m {
     [90m 102 |[39m         [36mconst[39m coords [33m=[39m [pos[33m.[39mcoords[33m.[39mlatitude[33m,[39m 
pos[33m.[39mcoords[33m.[39mlongitude][33m;[39m
     [90m 103 |[39m         [36mif[39m ([33mDate[39m[33m.[39mnow() [33m-[39m lastUpdateRef[33m.[39mcurrent 
[33m>[39m [35m2000[39m) {[0m

      at src/components/Leaderboard/index.jsx:100:43
      at Object.react_stack_bottom_frame (node_modules/react-dom/cjs/react-dom-client.development.js:25989:20)
      at runWithFiberInDEV (node_modules/react-dom/cjs/react-dom-client.development.js:874:13)
      at commitHookEffectListMount (node_modules/react-dom/cjs/react-dom-client.development.js:13249:29)
      at commitHookPassiveMountEffects (node_modules/react-dom/cjs/react-dom-client.development.js:13336:11)
      at commitPassiveMountOnFiber (node_modules/react-dom/cjs/react-dom-client.development.js:15484:13)
      at recursivelyTraversePassiveMountEffects (node_modules/react-dom/cjs/react-dom-client.development.js:15439:11)
      at commitPassiveMountOnFiber (node_modules/react-dom/cjs/react-dom-client.development.js:15718:11)
      at recursivelyTraversePassiveMountEffects (node_modules/react-dom/cjs/react-dom-client.development.js:15439:11)
      at commitPassiveMountOnFiber (node_modules/react-dom/cjs/react-dom-client.development.js:15718:11)
      at recursivelyTraversePassiveMountEffects (node_modules/react-dom/cjs/react-dom-client.development.js:15439:11)
      at commitPassiveMountOnFiber (node_modules/react-dom/cjs/react-dom-client.development.js:15476:11)
      at recursivelyTraversePassiveMountEffects (node_modules/react-dom/cjs/react-dom-client.development.js:15439:11)
      at commitPassiveMountOnFiber (node_modules/react-dom/cjs/react-dom-client.development.js:15476:11)
      at recursivelyTraversePassiveMountEffects (node_modules/react-dom/cjs/react-dom-client.development.js:15439:11)
      at commitPassiveMountOnFiber (node_modules/react-dom/cjs/react-dom-client.development.js:15519:11)
      at flushPassiveEffects (node_modules/react-dom/cjs/react-dom-client.development.js:18432:9)
      at node_modules/react-dom/cjs/react-dom-client.development.js:17923:15
      at flushActQueue (node_modules/react/cjs/react.development.js:590:34)
      at node_modules/react/cjs/react.development.js:847:21

  ΓùÅ Leaderboard filter panel ΓÇ║ filters by 2 amenities (Bidet + Soap): shows only CRs that have both

    TypeError: Cannot read properties of undefined (reading 'watchPosition')

    [0m [90m  98 |[39m
     [90m  99 |[39m     [90m// location tracking[39m
    [31m[1m>[22m[39m[90m 100 |[39m     [36mconst[39m watchId [33m=[39m 
navigator[33m.[39mgeolocation[33m.[39mwatchPosition(
     [90m     |[39m                                           [31m[1m^[22m[39m
     [90m 101 |[39m       (pos) [33m=>[39m {
     [90m 102 |[39m         [36mconst[39m coords [33m=[39m [pos[33m.[39mcoords[33m.[39mlatitude[33m,[39m 
pos[33m.[39mcoords[33m.[39mlongitude][33m;[39m
     [90m 103 |[39m         [36mif[39m ([33mDate[39m[33m.[39mnow() [33m-[39m lastUpdateRef[33m.[39mcurrent 
[33m>[39m [35m2000[39m) {[0m

      at src/components/Leaderboard/index.jsx:100:43
      at Object.react_stack_bottom_frame (node_modules/react-dom/cjs/react-dom-client.development.js:25989:20)
      at runWithFiberInDEV (node_modules/react-dom/cjs/react-dom-client.development.js:874:13)
      at commitHookEffectListMount (node_modules/react-dom/cjs/react-dom-client.development.js:13249:29)
      at commitHookPassiveMountEffects (node_modules/react-dom/cjs/react-dom-client.development.js:13336:11)
      at commitPassiveMountOnFiber (node_modules/react-dom/cjs/react-dom-client.development.js:15484:13)
      at recursivelyTraversePassiveMountEffects (node_modules/react-dom/cjs/react-dom-client.development.js:15439:11)
      at commitPassiveMountOnFiber (node_modules/react-dom/cjs/react-dom-client.development.js:15718:11)
      at recursivelyTraversePassiveMountEffects (node_modules/react-dom/cjs/react-dom-client.development.js:15439:11)
      at commitPassiveMountOnFiber (node_modules/react-dom/cjs/react-dom-client.development.js:15718:11)
      at recursivelyTraversePassiveMountEffects (node_modules/react-dom/cjs/react-dom-client.development.js:15439:11)
      at commitPassiveMountOnFiber (node_modules/react-dom/cjs/react-dom-client.development.js:15476:11)
      at recursivelyTraversePassiveMountEffects (node_modules/react-dom/cjs/react-dom-client.development.js:15439:11)
      at commitPassiveMountOnFiber (node_modules/react-dom/cjs/react-dom-client.development.js:15476:11)
      at recursivelyTraversePassiveMountEffects (node_modules/react-dom/cjs/react-dom-client.development.js:15439:11)
      at commitPassiveMountOnFiber (node_modules/react-dom/cjs/react-dom-client.development.js:15519:11)
      at flushPassiveEffects (node_modules/react-dom/cjs/react-dom-client.development.js:18432:9)
      at node_modules/react-dom/cjs/react-dom-client.development.js:17923:15
      at flushActQueue (node_modules/react/cjs/react.development.js:590:34)
      at node_modules/react/cjs/react.development.js:847:21

  ΓùÅ Leaderboard filter panel ΓÇ║ filters by status: selecting Closed hides non-Closed rows

    TypeError: Cannot read properties of undefined (reading 'watchPosition')

    [0m [90m  98 |[39m
     [90m  99 |[39m     [90m// location tracking[39m
    [31m[1m>[22m[39m[90m 100 |[39m     [36mconst[39m watchId [33m=[39m 
navigator[33m.[39mgeolocation[33m.[39mwatchPosition(
     [90m     |[39m                                           [31m[1m^[22m[39m
     [90m 101 |[39m       (pos) [33m=>[39m {
     [90m 102 |[39m         [36mconst[39m coords [33m=[39m [pos[33m.[39mcoords[33m.[39mlatitude[33m,[39m 
pos[33m.[39mcoords[33m.[39mlongitude][33m;[39m
     [90m 103 |[39m         [36mif[39m ([33mDate[39m[33m.[39mnow() [33m-[39m lastUpdateRef[33m.[39mcurrent 
[33m>[39m [35m2000[39m) {[0m

      at src/components/Leaderboard/index.jsx:100:43
      at Object.react_stack_bottom_frame (node_modules/react-dom/cjs/react-dom-client.development.js:25989:20)
      at runWithFiberInDEV (node_modules/react-dom/cjs/react-dom-client.development.js:874:13)
      at commitHookEffectListMount (node_modules/react-dom/cjs/react-dom-client.development.js:13249:29)
      at commitHookPassiveMountEffects (node_modules/react-dom/cjs/react-dom-client.development.js:13336:11)
      at commitPassiveMountOnFiber (node_modules/react-dom/cjs/react-dom-client.development.js:15484:13)
      at recursivelyTraversePassiveMountEffects (node_modules/react-dom/cjs/react-dom-client.development.js:15439:11)
      at commitPassiveMountOnFiber (node_modules/react-dom/cjs/react-dom-client.development.js:15718:11)
      at recursivelyTraversePassiveMountEffects (node_modules/react-dom/cjs/react-dom-client.development.js:15439:11)
      at commitPassiveMountOnFiber (node_modules/react-dom/cjs/react-dom-client.development.js:15718:11)
      at recursivelyTraversePassiveMountEffects (node_modules/react-dom/cjs/react-dom-client.development.js:15439:11)
      at commitPassiveMountOnFiber (node_modules/react-dom/cjs/react-dom-client.development.js:15476:11)
      at recursivelyTraversePassiveMountEffects (node_modules/react-dom/cjs/react-dom-client.development.js:15439:11)
      at commitPassiveMountOnFiber (node_modules/react-dom/cjs/react-dom-client.development.js:15476:11)
      at recursivelyTraversePassiveMountEffects (node_modules/react-dom/cjs/react-dom-client.development.js:15439:11)
      at commitPassiveMountOnFiber (node_modules/react-dom/cjs/react-dom-client.development.js:15519:11)
      at flushPassiveEffects (node_modules/react-dom/cjs/react-dom-client.development.js:18432:9)
      at node_modules/react-dom/cjs/react-dom-client.development.js:17923:15
      at flushActQueue (node_modules/react/cjs/react.development.js:590:34)
      at node_modules/react/cjs/react.development.js:847:21

  ΓùÅ Leaderboard filter panel ΓÇ║ filters by floor: selecting floor 3 hides other floors

    TypeError: Cannot read properties of undefined (reading 'watchPosition')

    [0m [90m  98 |[39m
     [90m  99 |[39m     [90m// location tracking[39m
    [31m[1m>[22m[39m[90m 100 |[39m     [36mconst[39m watchId [33m=[39m 
navigator[33m.[39mgeolocation[33m.[39mwatchPosition(
     [90m     |[39m                                           [31m[1m^[22m[39m
     [90m 101 |[39m       (pos) [33m=>[39m {
     [90m 102 |[39m         [36mconst[39m coords [33m=[39m [pos[33m.[39mcoords[33m.[39mlatitude[33m,[39m 
pos[33m.[39mcoords[33m.[39mlongitude][33m;[39m
     [90m 103 |[39m         [36mif[39m ([33mDate[39m[33m.[39mnow() [33m-[39m lastUpdateRef[33m.[39mcurrent 
[33m>[39m [35m2000[39m) {[0m

      at src/components/Leaderboard/index.jsx:100:43
      at Object.react_stack_bottom_frame (node_modules/react-dom/cjs/react-dom-client.development.js:25989:20)
      at runWithFiberInDEV (node_modules/react-dom/cjs/react-dom-client.development.js:874:13)
      at commitHookEffectListMount (node_modules/react-dom/cjs/react-dom-client.development.js:13249:29)
      at commitHookPassiveMountEffects (node_modules/react-dom/cjs/react-dom-client.development.js:13336:11)
      at commitPassiveMountOnFiber (node_modules/react-dom/cjs/react-dom-client.development.js:15484:13)
      at recursivelyTraversePassiveMountEffects (node_modules/react-dom/cjs/react-dom-client.development.js:15439:11)
      at commitPassiveMountOnFiber (node_modules/react-dom/cjs/react-dom-client.development.js:15718:11)
      at recursivelyTraversePassiveMountEffects (node_modules/react-dom/cjs/react-dom-client.development.js:15439:11)
      at commitPassiveMountOnFiber (node_modules/react-dom/cjs/react-dom-client.development.js:15718:11)
      at recursivelyTraversePassiveMountEffects (node_modules/react-dom/cjs/react-dom-client.development.js:15439:11)
      at commitPassiveMountOnFiber (node_modules/react-dom/cjs/react-dom-client.development.js:15476:11)
      at recursivelyTraversePassiveMountEffects (node_modules/react-dom/cjs/react-dom-client.development.js:15439:11)
      at commitPassiveMountOnFiber (node_modules/react-dom/cjs/react-dom-client.development.js:15476:11)
      at recursivelyTraversePassiveMountEffects (node_modules/react-dom/cjs/react-dom-client.development.js:15439:11)
      at commitPassiveMountOnFiber (node_modules/react-dom/cjs/react-dom-client.development.js:15519:11)
      at flushPassiveEffects (node_modules/react-dom/cjs/react-dom-client.development.js:18432:9)
      at node_modules/react-dom/cjs/react-dom-client.development.js:17923:15
      at flushActQueue (node_modules/react/cjs/react.development.js:590:34)
      at node_modules/react/cjs/react.development.js:847:21

  ΓùÅ Leaderboard filter panel ΓÇ║ displays the empty state message when no restrooms match

    TypeError: Cannot read properties of undefined (reading 'watchPosition')

    [0m [90m  98 |[39m
     [90m  99 |[39m     [90m// location tracking[39m
    [31m[1m>[22m[39m[90m 100 |[39m     [36mconst[39m watchId [33m=[39m 
navigator[33m.[39mgeolocation[33m.[39mwatchPosition(
     [90m     |[39m                                           [31m[1m^[22m[39m
     [90m 101 |[39m       (pos) [33m=>[39m {
     [90m 102 |[39m         [36mconst[39m coords [33m=[39m [pos[33m.[39mcoords[33m.[39mlatitude[33m,[39m 
pos[33m.[39mcoords[33m.[39mlongitude][33m;[39m
     [90m 103 |[39m         [36mif[39m ([33mDate[39m[33m.[39mnow() [33m-[39m lastUpdateRef[33m.[39mcurrent 
[33m>[39m [35m2000[39m) {[0m

      at src/components/Leaderboard/index.jsx:100:43
      at Object.react_stack_bottom_frame (node_modules/react-dom/cjs/react-dom-client.development.js:25989:20)
      at runWithFiberInDEV (node_modules/react-dom/cjs/react-dom-client.development.js:874:13)
      at commitHookEffectListMount (node_modules/react-dom/cjs/react-dom-client.development.js:13249:29)
      at commitHookPassiveMountEffects (node_modules/react-dom/cjs/react-dom-client.development.js:13336:11)
      at commitPassiveMountOnFiber (node_modules/react-dom/cjs/react-dom-client.development.js:15484:13)
      at recursivelyTraversePassiveMountEffects (node_modules/react-dom/cjs/react-dom-client.development.js:15439:11)
      at commitPassiveMountOnFiber (node_modules/react-dom/cjs/react-dom-client.development.js:15718:11)
      at recursivelyTraversePassiveMountEffects (node_modules/react-dom/cjs/react-dom-client.development.js:15439:11)
      at commitPassiveMountOnFiber (node_modules/react-dom/cjs/react-dom-client.development.js:15718:11)
      at recursivelyTraversePassiveMountEffects (node_modules/react-dom/cjs/react-dom-client.development.js:15439:11)
      at commitPassiveMountOnFiber (node_modules/react-dom/cjs/react-dom-client.development.js:15476:11)
      at recursivelyTraversePassiveMountEffects (node_modules/react-dom/cjs/react-dom-client.development.js:15439:11)
      at commitPassiveMountOnFiber (node_modules/react-dom/cjs/react-dom-client.development.js:15476:11)
      at recursivelyTraversePassiveMountEffects (node_modules/react-dom/cjs/react-dom-client.development.js:15439:11)
      at commitPassiveMountOnFiber (node_modules/react-dom/cjs/react-dom-client.development.js:15519:11)
      at flushPassiveEffects (node_modules/react-dom/cjs/react-dom-client.development.js:18432:9)
      at node_modules/react-dom/cjs/react-dom-client.development.js:17923:15
      at flushActQueue (node_modules/react/cjs/react.development.js:590:34)
      at node_modules/react/cjs/react.development.js:847:21

PASS src/components/Database.test.js
PASS src/components/Reviews.test.js
  ΓùÅ Console

    console.error
      Error: Failed to create review
          at handleSubmitReview (C:\Users\ejaso\Documents\SCHOOL\YEAR 3\SEM 2\CSCI 
42\ASSESSMENT\Project\Shiitake\client\src\components\CRPage.jsx:148:35)

    [0m [90m 172 |[39m         setEditingReview([36mnull[39m)
     [90m 173 |[39m       } [36mcatch[39m (error) {
    [31m[1m>[22m[39m[90m 174 |[39m         console[33m.[39merror(error)
     [90m     |[39m                 [31m[1m^[22m[39m
     [90m 175 |[39m         alert([32m'Could not save review. Please try again.'[39m)
     [90m 176 |[39m       }
     [90m 177 |[39m     }[0m

      at handleSubmitReview (src/components/CRPage.jsx:174:17)

    console.error
      Error: Failed to create review
          at handleSubmitReview (C:\Users\ejaso\Documents\SCHOOL\YEAR 3\SEM 2\CSCI 
42\ASSESSMENT\Project\Shiitake\client\src\components\CRPage.jsx:148:35)

    [0m [90m 172 |[39m         setEditingReview([36mnull[39m)
     [90m 173 |[39m       } [36mcatch[39m (error) {
    [31m[1m>[22m[39m[90m 174 |[39m         console[33m.[39merror(error)
     [90m     |[39m                 [31m[1m^[22m[39m
     [90m 175 |[39m         alert([32m'Could not save review. Please try again.'[39m)
     [90m 176 |[39m       }
     [90m 177 |[39m     }[0m

      at handleSubmitReview (src/components/CRPage.jsx:174:17)

    console.error
      Error: Failed to create review
          at handleSubmitReview (C:\Users\ejaso\Documents\SCHOOL\YEAR 3\SEM 2\CSCI 
42\ASSESSMENT\Project\Shiitake\client\src\components\CRPage.jsx:148:35)

    [0m [90m 172 |[39m         setEditingReview([36mnull[39m)
     [90m 173 |[39m       } [36mcatch[39m (error) {
    [31m[1m>[22m[39m[90m 174 |[39m         console[33m.[39merror(error)
     [90m     |[39m                 [31m[1m^[22m[39m
     [90m 175 |[39m         alert([32m'Could not save review. Please try again.'[39m)
     [90m 176 |[39m       }
     [90m 177 |[39m     }[0m

      at handleSubmitReview (src/components/CRPage.jsx:174:17)

    console.error
      Error: Failed to create review
          at handleSubmitReview (C:\Users\ejaso\Documents\SCHOOL\YEAR 3\SEM 2\CSCI 
42\ASSESSMENT\Project\Shiitake\client\src\components\CRPage.jsx:148:35)

    [0m [90m 172 |[39m         setEditingReview([36mnull[39m)
     [90m 173 |[39m       } [36mcatch[39m (error) {
    [31m[1m>[22m[39m[90m 174 |[39m         console[33m.[39merror(error)
     [90m     |[39m                 [31m[1m^[22m[39m
     [90m 175 |[39m         alert([32m'Could not save review. Please try again.'[39m)
     [90m 176 |[39m       }
     [90m 177 |[39m     }[0m

      at handleSubmitReview (src/components/CRPage.jsx:174:17)

PASS src/components/AdminPage.test.js

Test Suites: 3 failed, 4 passed, 7 total
Tests:       29 failed, 69 passed, 98 total
Snapshots:   0 total
Time:        7.805 s
Ran all test suites.
